Microchip MPLAB XC8 Compiler V2.32

Linker command line:

-W-3 --edf=C:\Program Files\Microchip\xc8\v2.32\pic\dat\en_msgs.txt -cn \
  -h+dist/default/production\atividade_06.production.sym \
  --cmf=dist/default/production\atividade_06.production.cmf -z -Q18F4550 \
  -oC:\Users\joelv\AppData\Local\Temp\xcAs7mo.4 --defsym=__MPLAB_BUILD=1 \
  -Mdist/default/production/atividade_06.production.map -E1 \
  -ver=XC8 Compiler --acfsm=1493 -ASTACK=0C2h-07FFh -pstack=STACK \
  -ACODE=00h-07FFFh -ACONST=00h-07FFFh -ASMALLCONST=0800h-08FFhx120 \
  -AMEDIUMCONST=0800h-07FFFh -ACOMRAM=01h-05Fh -AABS1=00h-07FFh \
  -ABIGRAM=01h-07FFh -ARAM=060h-0FFh,0100h-01FFhx7 -ABANK0=060h-0FFh \
  -ABANK1=0100h-01FFh -ABANK2=0200h-02FFh -ABANK3=0300h-03FFh \
  -ABANK4=0400h-04FFh -ABANK5=0500h-05FFh -ABANK6=0600h-06FFh \
  -ABANK7=0700h-07FFh -ASFR=0F60h-0FFFh -ACONFIG=0300000h-030000Dh \
  -AIDLOC=0200000h-0200007h -AEEDATA=0F00000h-0F000FFh -peeprom_data=EEDATA \
  -preset_vec=00h,intcode=08h,intcodelo,powerup,init -pramtop=0800h \
  -psmallconst=SMALLCONST -pmediumconst=MEDIUMCONST -pconst=CONST \
  -AFARRAM=00h-00h \
  -prdata=COMRAM,nvrram=COMRAM,nvbit=COMRAM,rbss=COMRAM,rbit=COMRAM \
  -pfarbss=FARRAM,fardata=FARRAM,nvFARRAM=FARRAM \
  -pintsave_regs=BIGRAM,bigbss=BIGRAM,bigdata=BIGRAM -pbss=RAM \
  -pidata=CODE,irdata=CODE,ibigdata=CODE,ifardata=CODE -prparam=COMRAM \
  C:\Users\joelv\AppData\Local\Temp\xcAs7mo.o \
  dist/default/production\atividade_06.production.o 

Object code version is 3.11

Machine type is 18F4550



                Name                               Link     Load   Length Selector   Space Scale
C:\Users\joelv\AppData\Local\Temp\xcAs7mo.o
                idloc                            200000   200000        8        0       5
                config                           300000   300000        E        0       4
                init                                  E        E        4        4       0
                reset_vec                             0        0        4        0       0
dist/default/production\atividade_06.production.o
                intcode                               8        8        6        4       0
                idloc                            200000   200000        8        0       5
                config                           300000   300000        E        0       4
                temp                                 5D       5D        1        1       1
                smallconst                          800      800       30      400       0
                intcode_body                       12EC     12EC       98      418       0
                text21                             153C     153C       5C      418       0
                text20                             171A     171A       20      418       0
                text19                             1402     1402       72      418       0
                text18                             1474     1474       66      418       0
                text17                             16AC     16AC       38      418       0
                text16                             1384     1384       7E      418       0
                text15                             1166     1166       C4      418       0
                text14                             174C     174C        A      418       0
                text13                             173A     173A       12      418       0
                text12                              CC0      CC0      188      418       0
                text11                              E48      E48      164      418       0
                text10                             162E     162E       40      418       0
                text9                              1758     1758        2      418       0
                text8                              109C     109C       CA      418       0
                text7                              15EA     15EA       44      418       0
                text6                              16E4     16E4       36      418       0
                text5                              122A     122A       C2      418       0
                text4                               830      830      2DE      418       0
                text3                               B0E      B0E      1B2      418       0
                text2                              14DA     14DA       62      418       0
                text1                              1598     1598       52      418       0
                text0                               FAC      FAC       F0      418       0
                cstackCOMRAM                          1        1       56        1       1
                cstackBANK0                          B0       B0       10       60       1
                dataBANK0                            C0       C0        2       60       1
                bssBANK0                             60       60       50       60       1
                bssCOMRAM                            57       57        6        1       1
                cinit                              166E     166E       3E      418       0
                idataBANK0                         1756     1756        2      418       0

TOTAL           Name                               Link     Load   Length     Space
        CLASS   STACK          

        CLASS   CODE           
                intcode                               8        8        6         0
                init                                  E        E        4         0
                reset_vec                             0        0        4         0
                intcode_body                       12EC     12EC       98         0
                text21                             153C     153C       5C         0
                text20                             171A     171A       20         0
                text19                             1402     1402       72         0
                text18                             1474     1474       66         0
                text17                             16AC     16AC       38         0
                text16                             1384     1384       7E         0
                text15                             1166     1166       C4         0
                text14                             174C     174C        A         0
                text13                             173A     173A       12         0
                text12                              CC0      CC0      188         0
                text11                              E48      E48      164         0
                text10                             162E     162E       40         0
                text9                              1758     1758        2         0
                text8                              109C     109C       CA         0
                text7                              15EA     15EA       44         0
                text6                              16E4     16E4       36         0
                text5                              122A     122A       C2         0
                text4                               830      830      2DE         0
                text3                               B0E      B0E      1B2         0
                text2                              14DA     14DA       62         0
                text1                              1598     1598       52         0
                text0                               FAC      FAC       F0         0
                cinit                              166E     166E       3E         0
                idataBANK0                         1756     1756        2         0

        CLASS   CONST          

        CLASS   SMALLCONST     
                smallconst                          800      800       30         0

        CLASS   MEDIUMCONST    

        CLASS   COMRAM         
                temp                                 5D       5D        1         1
                cstackCOMRAM                          1        1       56         1
                bssCOMRAM                            57       57        6         1

        CLASS   ABS1           

        CLASS   BIGRAM         

        CLASS   RAM            

        CLASS   BANK0          
                cstackBANK0                          B0       B0       10         1
                dataBANK0                            C0       C0        2         1
                bssBANK0                             60       60       50         1

        CLASS   BANK1          

        CLASS   BANK2          

        CLASS   BANK3          

        CLASS   BANK4          

        CLASS   BANK5          

        CLASS   BANK6          

        CLASS   BANK7          

        CLASS   SFR            

        CLASS   CONFIG         
                config                           300000   300000        E         4

        CLASS   IDLOC          
                idloc                            200000   200000        8         5

        CLASS   EEDATA         

        CLASS   FARRAM         



SEGMENTS        Name                           Load    Length   Top    Selector   Space  Class

                reset_vec                      000000  000004  000004         0       0  CODE    
                cstackCOMRAM                   000001  00005D  00005E         1       1  COMRAM  
                intcode                        000008  00000A  000012         4       0  CODE    
                bssBANK0                       000060  000062  0000C2        60       1  BANK0   
                smallconst                     000800  000030  000830       400       0  SMALLCON
                text4                          000830  000F2A  00175A       418       0  CODE    


UNUSED ADDRESS RANGES

        Name                Unused          Largest block    Delta
        BANK0            0000C2-0000FF               3E
        BANK1            000100-0001FF              100
        BANK2            000200-0002FF              100
        BANK3            000300-0003FF              100
        BANK4            000400-0004FF              100
        BANK5            000500-0005FF              100
        BANK6            000600-0006FF              100
        BANK7            000700-0007FF              100
        BIGRAM           00005E-00005F                2
                         0000C2-0007FF              73E
        CODE             000004-000007                4
                         000012-0007FF              7EE
                         00175A-007FFF             68A6
        COMRAM           00005E-00005F                2
        CONST            000004-000007                4
                         000012-0007FF              7EE
                         00175A-007FFF             68A6
        EEDATA           F00000-F000FF              100
        MEDIUMCONST      00175A-007FFF             68A6
        RAM              0000C2-0007FF              100
        SFR              000F60-000FFF               A0
        SMALLCONST       00175A-007FFF              100
        STACK            0000C2-0007FF              73E

                                  Symbol Table

?___aodiv                  cstackCOMRAM 000002
?___aomod                  cstackCOMRAM 000002
?___awdiv                  cstackCOMRAM 000002
?_abs                      cstackCOMRAM 000014
?_dtoa                     cstackCOMRAM 00001D
?_pad                      cstackCOMRAM 000012
?_sprintf                  cstackBANK0  0000B2
?_strlen                   cstackCOMRAM 000002
?_vfpfcnvrt                cstackCOMRAM 000041
?_vfprintf                 cstackCOMRAM 000051
Lcd_Cmd@a                  cstackCOMRAM 000004
Lcd_Port@a                 cstackCOMRAM 000002
Lcd_Set_Cursor@a           cstackCOMRAM 000006
Lcd_Set_Cursor@b           cstackCOMRAM 000005
Lcd_Set_Cursor@temp        cstackCOMRAM 000009
Lcd_Set_Cursor@y           cstackCOMRAM 000008
Lcd_Set_Cursor@z           cstackCOMRAM 000007
Lcd_Write_Char@a           cstackCOMRAM 000005
Lcd_Write_Char@temp        cstackCOMRAM 000003
Lcd_Write_Char@y           cstackCOMRAM 000004
Lcd_Write_String@a         cstackCOMRAM 000006
Lcd_Write_String@i         cstackCOMRAM 00000A
_ADCON1bits                (abs)        000FC1
_GIE                       (abs)        007F97
_INT0IE                    (abs)        007F94
_INT0IF                    (abs)        007F91
_INTEDG0                   (abs)        007F8E
_LATD2                     (abs)        007C62
_LATD3                     (abs)        007C63
_LATD4                     (abs)        007C64
_LATD5                     (abs)        007C65
_LATD6                     (abs)        007C66
_LATD7                     (abs)        007C67
_LATDbits                  (abs)        000F8C
_Lcd_Cmd                   text20       00171A
_Lcd_Init                  text19       001402
_Lcd_Port                  text21       00153C
_Lcd_Set_Cursor            text18       001474
_Lcd_Write_Char            text17       0016AC
_Lcd_Write_String          text16       001384
_Numero1                   bssBANK0     00007E
_Numero2                   bssBANK0     00007C
_OSCCON                    (abs)        000FD3
_PSA                       (abs)        007EAB
_T08BIT                    (abs)        007EAE
_T0CS                      (abs)        007EAD
_TMR0H                     (abs)        000FD7
_TMR0IE                    (abs)        007F95
_TMR0IF                    (abs)        007F92
_TMR0L                     (abs)        000FD6
_TMR0ON                    (abs)        007EAF
_TRISB                     (abs)        000F93
_TRISD                     (abs)        000F95
_TRISE                     (abs)        000F96
__HRAM                     (abs)        000000
__Habs1                    abs1         000000
__Hbank0                   bank0        000000
__Hbank1                   bank1        000000
__Hbank2                   bank2        000000
__Hbank3                   bank3        000000
__Hbank4                   bank4        000000
__Hbank5                   bank5        000000
__Hbank6                   bank6        000000
__Hbank7                   bank7        000000
__Hbigbss                  bigbss       000000
__Hbigdata                 bigdata      000000
__Hbigram                  bigram       000000
__Hbss                     bss          000000
__HbssBANK0                bssBANK0     000000
__HbssCOMRAM               bssCOMRAM    000000
__Hcinit                   cinit        000000
__Hclrtext                 clrtext      000000
__Hcomram                  comram       000000
__Hconfig                  config       30000E
__Hconst                   const        000000
__HcstackBANK0             cstackBANK0  000000
__HcstackCOMRAM            cstackCOMRAM 000000
__Hdata                    data         000000
__HdataBANK0               dataBANK0    000000
__Heeprom_data             eeprom_data  000000
__Hfarbss                  farbss       000000
__Hfardata                 fardata      000000
__Hibigdata                ibigdata     000000
__Hidata                   idata        000000
__HidataBANK0              idataBANK0   000000
__Hidloc                   idloc        200008
__Hifardata                ifardata     000000
__Hinit                    init         000012
__Hintcode                 intcode      00000E
__Hintcode_body            intcode_body 000000
__Hintcodelo               intcodelo    00000E
__Hintentry                intentry     000000
__Hintret                  intret       000000
__Hintsave_regs            intsave_regs 000000
__Hirdata                  irdata       000000
__Hmediumconst             mediumconst  000000
__HnvFARRAM                nvFARRAM     000000
__Hnvbit                   nvbit        000000
__Hnvrram                  nvrram       000000
__Hparam                   rparam       000000
__Hpowerup                 powerup      00000E
__Hram                     ram          000000
__Hramtop                  ramtop       000800
__Hrbit                    rbit         000000
__Hrbss                    rbss         000000
__Hrdata                   rdata        000000
__Hreset_vec               reset_vec    000004
__Hrparam                  rparam       000000
__Hsfr                     sfr          000000
__Hsmallconst              smallconst   000830
__Hspace_0                 (abs)        00175A
__Hspace_1                 (abs)        0000C2
__Hspace_2                 (abs)        000000
__Hspace_4                 (abs)        60000E
__Hstack                   stack        000000
__Hstruct                  struct       000000
__Htemp                    temp         00005E
__Htext                    text         000000
__Htext0                   text0        000000
__Htext1                   text1        000000
__Htext10                  text10       000000
__Htext11                  text11       000000
__Htext12                  text12       000000
__Htext13                  text13       000000
__Htext14                  text14       000000
__Htext15                  text15       000000
__Htext16                  text16       000000
__Htext17                  text17       000000
__Htext18                  text18       000000
__Htext19                  text19       000000
__Htext2                   text2        000000
__Htext20                  text20       000000
__Htext21                  text21       000000
__Htext3                   text3        000000
__Htext4                   text4        000000
__Htext5                   text5        000000
__Htext6                   text6        000000
__Htext7                   text7        000000
__Htext8                   text8        000000
__Htext9                   text9        000000
__LRAM                     (abs)        000001
__Labs1                    abs1         000000
__Lbank0                   bank0        000000
__Lbank1                   bank1        000000
__Lbank2                   bank2        000000
__Lbank3                   bank3        000000
__Lbank4                   bank4        000000
__Lbank5                   bank5        000000
__Lbank6                   bank6        000000
__Lbank7                   bank7        000000
__Lbigbss                  bigbss       000000
__Lbigdata                 bigdata      000000
__Lbigram                  bigram       000000
__Lbss                     bss          000000
__LbssBANK0                bssBANK0     000000
__LbssCOMRAM               bssCOMRAM    000000
__Lcinit                   cinit        000000
__Lclrtext                 clrtext      000000
__Lcomram                  comram       000000
__Lconfig                  config       000000
__Lconst                   const        000000
__LcstackBANK0             cstackBANK0  000000
__LcstackCOMRAM            cstackCOMRAM 000000
__Ldata                    data         000000
__LdataBANK0               dataBANK0    000000
__Leeprom_data             eeprom_data  000000
__Lfarbss                  farbss       000000
__Lfardata                 fardata      000000
__Libigdata                ibigdata     000000
__Lidata                   idata        000000
__LidataBANK0              idataBANK0   000000
__Lidloc                   idloc        000000
__Lifardata                ifardata     000000
__Linit                    init         00000E
__Lintcode                 intcode      000008
__Lintcode_body            intcode_body 000000
__Lintcodelo               intcodelo    00000E
__Lintentry                intentry     000000
__Lintret                  intret       000000
__Lintsave_regs            intsave_regs 000000
__Lirdata                  irdata       000000
__Lmediumconst             mediumconst  000000
__LnvFARRAM                nvFARRAM     000000
__Lnvbit                   nvbit        000000
__Lnvrram                  nvrram       000000
__Lparam                   rparam       000000
__Lpowerup                 powerup      00000E
__Lram                     ram          000000
__Lramtop                  ramtop       000800
__Lrbit                    rbit         000000
__Lrbss                    rbss         000000
__Lrdata                   rdata        000000
__Lreset_vec               reset_vec    000000
__Lrparam                  rparam       000000
__Lsfr                     sfr          000000
__Lsmallconst              smallconst   000800
__Lspace_0                 (abs)        000000
__Lspace_1                 (abs)        000000
__Lspace_2                 (abs)        000000
__Lspace_4                 (abs)        000000
__Lstack                   stack        000000
__Lstruct                  struct       000000
__Ltemp                    temp         00005D
__Ltext                    text         000000
__Ltext0                   text0        000000
__Ltext1                   text1        000000
__Ltext10                  text10       000000
__Ltext11                  text11       000000
__Ltext12                  text12       000000
__Ltext13                  text13       000000
__Ltext14                  text14       000000
__Ltext15                  text15       000000
__Ltext16                  text16       000000
__Ltext17                  text17       000000
__Ltext18                  text18       000000
__Ltext19                  text19       000000
__Ltext2                   text2        000000
__Ltext20                  text20       000000
__Ltext21                  text21       000000
__Ltext3                   text3        000000
__Ltext4                   text4        000000
__Ltext5                   text5        000000
__Ltext6                   text6        000000
__Ltext7                   text7        000000
__Ltext8                   text8        000000
__Ltext9                   text9        000000
__S0                       (abs)        00175A
__S1                       (abs)        0000C2
__S2                       (abs)        000000
__S4                       (abs)        000000
__S5                       (abs)        000000
___aodiv                   text12       000CC0
___aodiv@counter           cstackCOMRAM 000012
___aodiv@dividend          cstackCOMRAM 000002
___aodiv@divisor           cstackCOMRAM 00000A
___aodiv@quotient          cstackCOMRAM 000014
___aodiv@sign              cstackCOMRAM 000013
___aomod                   text11       000E48
___aomod@counter           cstackCOMRAM 000012
___aomod@dividend          cstackCOMRAM 000002
___aomod@divisor           cstackCOMRAM 00000A
___aomod@sign              cstackCOMRAM 000013
___awdiv                   text15       001166
___awdiv@counter           cstackCOMRAM 000006
___awdiv@dividend          cstackCOMRAM 000002
___awdiv@divisor           cstackCOMRAM 000004
___awdiv@quotient          cstackCOMRAM 000008
___awdiv@sign              cstackCOMRAM 000007
___inthi_sp                stack        000000
___intlo_sp                stack        000000
___param_bank              (abs)        000000
___rparam_used             (abs)        000001
___sp                      stack        000000
__accesstop                (abs)        000060
__activetblptr             (abs)        000002
__end_of_Lcd_Cmd           text20       00173A
__end_of_Lcd_Init          text19       001474
__end_of_Lcd_Port          text21       001598
__end_of_Lcd_Set_Cursor    text18       0014DA
__end_of_Lcd_Write_Char    text17       0016E4
__end_of_Lcd_Write_String  text16       001402
__end_of___aodiv           text12       000E48
__end_of___aomod           text11       000FAC
__end_of___awdiv           text15       00122A
__end_of__initialization   cinit        00169E
__end_of_abs               text10       00166E
__end_of_dtoa              text4        000B0E
__end_of_fputc             text8        001166
__end_of_fputs             text7        00162E
__end_of_interrupcao       intcode_body 001384
__end_of_main              text0        00109C
__end_of_pad               text5        0012EC
__end_of_putch             text9        00175A
__end_of_setupInt          text14       001756
__end_of_setupTmr0         text13       00174C
__end_of_sprintf           text1        0015EA
__end_of_strlen            text6        00171A
__end_of_vfpfcnvrt         text3        000CC0
__end_of_vfprintf          text2        00153C
__initialization           cinit        00166E
__mediumconst              mediumconst  000000
__pbssBANK0                bssBANK0     000060
__pbssCOMRAM               bssCOMRAM    000057
__pcinit                   cinit        00166E
__pcstackBANK0             cstackBANK0  0000B0
__pcstackCOMRAM            cstackCOMRAM 000001
__pdataBANK0               dataBANK0    0000C0
__pidataBANK0              idataBANK0   001756
__pintcode                 intcode      000008
__pintcode_body            intcode_body 0012EC
__psmallconst              smallconst   000800
__ptext0                   text0        000FAC
__ptext1                   text1        001598
__ptext10                  text10       00162E
__ptext11                  text11       000E48
__ptext12                  text12       000CC0
__ptext13                  text13       00173A
__ptext14                  text14       00174C
__ptext15                  text15       001166
__ptext16                  text16       001384
__ptext17                  text17       0016AC
__ptext18                  text18       001474
__ptext19                  text19       001402
__ptext2                   text2        0014DA
__ptext20                  text20       00171A
__ptext21                  text21       00153C
__ptext3                   text3        000B0E
__ptext4                   text4        000830
__ptext5                   text5        00122A
__ptext6                   text6        0016E4
__ptext7                   text7        0015EA
__ptext8                   text8        00109C
__ptext9                   text9        001758
__ramtop                   ramtop       000800
__size_of_Lcd_Cmd          (abs)        000000
__size_of_Lcd_Init         (abs)        000000
__size_of_Lcd_Port         (abs)        000000
__size_of_Lcd_Set_Cursor   (abs)        000000
__size_of_Lcd_Write_Char   (abs)        000000
__size_of_Lcd_Write_String (abs)        000000
__size_of___aodiv          (abs)        000000
__size_of___aomod          (abs)        000000
__size_of___awdiv          (abs)        000000
__size_of_abs              (abs)        000000
__size_of_dtoa             (abs)        000000
__size_of_fputc            (abs)        000000
__size_of_fputs            (abs)        000000
__size_of_interrupcao      (abs)        000000
__size_of_main             (abs)        000000
__size_of_pad              (abs)        000000
__size_of_putch            (abs)        000000
__size_of_setupInt         (abs)        000000
__size_of_setupTmr0        (abs)        000000
__size_of_sprintf          (abs)        000000
__size_of_strlen           (abs)        000000
__size_of_vfpfcnvrt        (abs)        000000
__size_of_vfprintf         (abs)        000000
__smallconst               smallconst   000800
_abs                       text10       00162E
_cont                      dataBANK0    0000C0
_controle                  bssBANK0     00007A
_dbuf                      bssBANK0     000080
_dtoa                      text4        000830
_dtoa$708                  cstackCOMRAM 00002F
_flags                     bssCOMRAM    00005B
_fputc                     text8        00109C
_fputs                     text7        0015EA
_interrupcao               intcode      000008
_linha1                    bssBANK0     000060
_linha2                    bssBANK0     0000A0
_main                      text0        000FAC
_nout                      bssBANK0     000070
_pad                       text5        00122A
_periodo                   bssBANK0     000074
_periodo_anterior          bssBANK0     000072
_prec                      bssCOMRAM    000059
_putch                     text9        001758
_resultado                 bssBANK0     000078
_setupInt                  text14       00174C
_setupTmr0                 text13       00173A
_sprintf                   text1        001598
_strlen                    text6        0016E4
_tecla                     bssBANK0     000076
_vfpfcnvrt                 text3        000B0E
_vfprintf                  text2        0014DA
_width                     bssCOMRAM    000057
abs@a                      cstackCOMRAM 000014
btemp                      temp         00005D
dtoa@d                     cstackCOMRAM 00001F
dtoa@fp                    cstackCOMRAM 00001D
dtoa@i                     cstackCOMRAM 00003F
dtoa@n                     cstackCOMRAM 000037
dtoa@p                     cstackCOMRAM 000031
dtoa@s                     cstackCOMRAM 000035
dtoa@w                     cstackCOMRAM 000033
end_of_initialization      cinit        00169E
fputc@c                    cstackCOMRAM 000002
fputc@fp                   cstackCOMRAM 000004
fputs@c                    cstackCOMRAM 00000F
fputs@fp                   cstackCOMRAM 00000D
fputs@i                    cstackCOMRAM 000010
fputs@s                    cstackCOMRAM 00000B
int$flags                  temp         00005D
int_func                   intcode_body 0012EC
intlevel0                  text         000000
intlevel1                  text         000000
intlevel2                  text         000000
intlevel3                  text         000000
isa$std                    (abs)        000001
isa$xinst                  (abs)        000000
pad@buf                    cstackCOMRAM 000014
pad@fp                     cstackCOMRAM 000012
pad@i                      cstackCOMRAM 000019
pad@p                      cstackCOMRAM 000016
pad@w                      cstackCOMRAM 00001B
sprintf@ap                 cstackBANK0  0000B8
sprintf@f                  cstackBANK0  0000BA
sprintf@fmt                cstackBANK0  0000B4
sprintf@s                  cstackBANK0  0000B2
stackhi                    (abs)        0007FF
stacklo                    (abs)        0000C2
start                      init         00000E
start_initialization       cinit        00166E
strlen@a                   cstackCOMRAM 000004
strlen@s                   cstackCOMRAM 000002
ttemp5                     temp         00005E
ttemp6                     temp         000061
ttemp7                     temp         000065
vfpfcnvrt@ap               cstackCOMRAM 000045
vfpfcnvrt@fmt              cstackCOMRAM 000043
vfpfcnvrt@fp               cstackCOMRAM 000041
vfpfcnvrt@ll               cstackCOMRAM 000049
vfprintf@ap                cstackCOMRAM 000055
vfprintf@cfmt              cstackBANK0  0000B0
vfprintf@fmt               cstackCOMRAM 000053
vfprintf@fp                cstackCOMRAM 000051
wtemp8                     temp         00005E


MODULE INFORMATION

Module		Function		Class		Link	Load	Size
C:\Program Files\Microchip\xc8\v2.32\pic\sources\c99\common\nf_sprintf.c
		_sprintf       		CODE           	1598	0000	82

C:\Program Files\Microchip\xc8\v2.32\pic\sources\c99\common\nf_sprintf.c estimated size: 82

C:\Program Files\Microchip\xc8\v2.32\pic\sources\c99\common\awdiv.c
		___awdiv       		CODE           	1166	0000	196

C:\Program Files\Microchip\xc8\v2.32\pic\sources\c99\common\awdiv.c estimated size: 196

C:\Program Files\Microchip\xc8\v2.32\pic\sources\c99\common\doprnt.c
		_vfpfcnvrt     		CODE           	0B0E	0000	434
		_pad           		CODE           	122A	0000	194
		_dtoa          		CODE           	0830	0000	734
		_vfprintf      		CODE           	14DA	0000	98

C:\Program Files\Microchip\xc8\v2.32\pic\sources\c99\common\doprnt.c estimated size: 1460

./lcd.h
		_Lcd_Write_String		CODE           	1384	0000	126
		_Lcd_Init      		CODE           	1402	0000	114
		_Lcd_Write_Char		CODE           	16AC	0000	56
		_Lcd_Cmd       		CODE           	171A	0000	32
		_Lcd_Set_Cursor		CODE           	1474	0000	102
		_Lcd_Port      		CODE           	153C	0000	92

./lcd.h estimated size: 522

C:\Program Files\Microchip\xc8\v2.32\pic\sources\c99\common\nf_fputs.c
		_fputs         		CODE           	15EA	0000	68

C:\Program Files\Microchip\xc8\v2.32\pic\sources\c99\common\nf_fputs.c estimated size: 68

C:\Program Files\Microchip\xc8\v2.32\pic\sources\c99\common\putch.c
		_putch         		CODE           	1758	0000	2

C:\Program Files\Microchip\xc8\v2.32\pic\sources\c99\common\putch.c estimated size: 2

C:\Program Files\Microchip\xc8\v2.32\pic\sources\c99\common\abs.c
		_abs           		CODE           	162E	0000	64

C:\Program Files\Microchip\xc8\v2.32\pic\sources\c99\common\abs.c estimated size: 64

C:\Program Files\Microchip\xc8\v2.32\pic\sources\c99\common\aomod.c
		___aomod       		CODE           	0E48	0000	356

C:\Program Files\Microchip\xc8\v2.32\pic\sources\c99\common\aomod.c estimated size: 356

shared
		__initialization		CODE           	166E	0000	48

shared estimated size: 48

C:\Program Files\Microchip\xc8\v2.32\pic\sources\c99\common\nf_fputc.c
		_fputc         		CODE           	109C	0000	202

C:\Program Files\Microchip\xc8\v2.32\pic\sources\c99\common\nf_fputc.c estimated size: 202

C:\Program Files\Microchip\xc8\v2.32\pic\sources\c99\common\aodiv.c
		___aodiv       		CODE           	0CC0	0000	392

C:\Program Files\Microchip\xc8\v2.32\pic\sources\c99\common\aodiv.c estimated size: 392

main.c
		_main          		CODE           	0FAC	0000	240
		_setupInt      		CODE           	174C	0000	10
		_interrupcao   		CODE           	0008	0000	158
		_setupTmr0     		CODE           	173A	0000	18

main.c estimated size: 426

C:\Program Files\Microchip\xc8\v2.32\pic\sources\c99\common\strlen.c
		_strlen        		CODE           	16E4	0000	54

C:\Program Files\Microchip\xc8\v2.32\pic\sources\c99\common\strlen.c estimated size: 54

