Microchip MPLAB XC8 Compiler V2.32

Linker command line:

-W-3 --edf=C:\Program Files\Microchip\xc8\v2.32\pic\dat\en_msgs.txt -cn \
  -h+dist/default/production\atividade_03.production.sym \
  --cmf=dist/default/production\atividade_03.production.cmf -z -Q18F4550 \
  -oC:\Users\joelv\AppData\Local\Temp\xcAsbks.4 --defsym=__MPLAB_BUILD=1 \
  -Mdist/default/production/atividade_03.production.map -E1 \
  -ver=XC8 Compiler --acfsm=1493 -ASTACK=0C2h-07FFh -pstack=STACK \
  -ACODE=00h-07FFFh -ACONST=00h-07FFFh -ASMALLCONST=0800h-08FFhx120 \
  -AMEDIUMCONST=0800h-07FFFh -ACOMRAM=01h-05Fh -AABS1=00h-07FFh \
  -ABIGRAM=01h-07FFh -ARAM=060h-0FFh,0100h-01FFhx7 -ABANK0=060h-0FFh \
  -ABANK1=0100h-01FFh -ABANK2=0200h-02FFh -ABANK3=0300h-03FFh \
  -ABANK4=0400h-04FFh -ABANK5=0500h-05FFh -ABANK6=0600h-06FFh \
  -ABANK7=0700h-07FFh -ASFR=0F60h-0FFFh -ACONFIG=0300000h-030000Dh \
  -AIDLOC=0200000h-0200007h -AEEDATA=0F00000h-0F000FFh -peeprom_data=EEDATA \
  -preset_vec=00h,intcode=08h,intcodelo,powerup,init -pramtop=0800h \
  -psmallconst=SMALLCONST -pmediumconst=MEDIUMCONST -pconst=CONST \
  -AFARRAM=00h-00h \
  -prdata=COMRAM,nvrram=COMRAM,nvbit=COMRAM,rbss=COMRAM,rbit=COMRAM \
  -pfarbss=FARRAM,fardata=FARRAM,nvFARRAM=FARRAM \
  -pintsave_regs=BIGRAM,bigbss=BIGRAM,bigdata=BIGRAM -pbss=RAM \
  -pidata=CODE,irdata=CODE,ibigdata=CODE,ifardata=CODE -prparam=COMRAM \
  C:\Users\joelv\AppData\Local\Temp\xcAsbks.o \
  dist/default/production\atividade_03.production.o 

Object code version is 3.11

Machine type is 18F4550



                Name                               Link     Load   Length Selector   Space Scale
C:\Users\joelv\AppData\Local\Temp\xcAsbks.o
                idloc                            200000   200000        8        0       5
                config                           300000   300000        E        0       4
                init                                  E        E        4        4       0
                reset_vec                             0        0        4        0       0
dist/default/production\atividade_03.production.o
                intcode                               8        8        6        4       0
                idloc                            200000   200000        8        0       5
                config                           300000   300000        E        0       4
                temp                                 5D       5D        1        1       1
                smallconst                          800      800       24      400       0
                intcode_body                       11EE     11EE       94      412       0
                text21                             13BC     13BC       5C      412       0
                text20                             1604     1604       20      412       0
                text19                             1282     1282       72      412       0
                text18                             12F4     12F4       66      412       0
                text17                             1570     1570       38      412       0
                text16                             1530     1530       40      412       0
                text15                             15DE     15DE       26      412       0
                text14                             1636     1636        A      412       0
                text13                             1624     1624       12      412       0
                text12                              CB6      CB6      188      412       0
                text11                              E3E      E3E      164      412       0
                text10                             14F0     14F0       40      412       0
                text9                              1642     1642        2      412       0
                text8                               FA2      FA2       CA      412       0
                text7                              146A     146A       44      412       0
                text6                              15A8     15A8       36      412       0
                text5                              106C     106C       C2      412       0
                text4                               824      824      2DE      412       0
                text3                               B02      B02      1B4      412       0
                text2                              135A     135A       62      412       0
                text1                              1418     1418       52      412       0
                text0                              112E     112E       C0      412       0
                cstackCOMRAM                          1        1       56        1       1
                cstackBANK0                          B0       B0       10       60       1
                dataBANK0                            C0       C0        2       60       1
                bssBANK0                             60       60       50       60       1
                bssCOMRAM                            57       57        6        1       1
                cinit                              14AE     14AE       42      412       0
                idataBANK0                         1640     1640        2      412       0

TOTAL           Name                               Link     Load   Length     Space
        CLASS   STACK          

        CLASS   CODE           
                intcode                               8        8        6         0
                init                                  E        E        4         0
                reset_vec                             0        0        4         0
                intcode_body                       11EE     11EE       94         0
                text21                             13BC     13BC       5C         0
                text20                             1604     1604       20         0
                text19                             1282     1282       72         0
                text18                             12F4     12F4       66         0
                text17                             1570     1570       38         0
                text16                             1530     1530       40         0
                text15                             15DE     15DE       26         0
                text14                             1636     1636        A         0
                text13                             1624     1624       12         0
                text12                              CB6      CB6      188         0
                text11                              E3E      E3E      164         0
                text10                             14F0     14F0       40         0
                text9                              1642     1642        2         0
                text8                               FA2      FA2       CA         0
                text7                              146A     146A       44         0
                text6                              15A8     15A8       36         0
                text5                              106C     106C       C2         0
                text4                               824      824      2DE         0
                text3                               B02      B02      1B4         0
                text2                              135A     135A       62         0
                text1                              1418     1418       52         0
                text0                              112E     112E       C0         0
                cinit                              14AE     14AE       42         0
                idataBANK0                         1640     1640        2         0

        CLASS   CONST          

        CLASS   SMALLCONST     
                smallconst                          800      800       24         0

        CLASS   MEDIUMCONST    

        CLASS   COMRAM         
                temp                                 5D       5D        1         1
                cstackCOMRAM                          1        1       56         1
                bssCOMRAM                            57       57        6         1

        CLASS   ABS1           

        CLASS   BIGRAM         

        CLASS   RAM            

        CLASS   BANK0          
                cstackBANK0                          B0       B0       10         1
                dataBANK0                            C0       C0        2         1
                bssBANK0                             60       60       50         1

        CLASS   BANK1          

        CLASS   BANK2          

        CLASS   BANK3          

        CLASS   BANK4          

        CLASS   BANK5          

        CLASS   BANK6          

        CLASS   BANK7          

        CLASS   SFR            

        CLASS   CONFIG         
                config                           300000   300000        E         4

        CLASS   IDLOC          
                idloc                            200000   200000        8         5

        CLASS   EEDATA         

        CLASS   FARRAM         



SEGMENTS        Name                           Load    Length   Top    Selector   Space  Class

                reset_vec                      000000  000004  000004         0       0  CODE    
                cstackCOMRAM                   000001  00005D  00005E         1       1  COMRAM  
                intcode                        000008  00000A  000012         4       0  CODE    
                bssBANK0                       000060  000062  0000C2        60       1  BANK0   
                smallconst                     000800  000024  000824       400       0  SMALLCON
                text4                          000824  000E20  001644       412       0  CODE    


UNUSED ADDRESS RANGES

        Name                Unused          Largest block    Delta
        BANK0            0000C2-0000FF               3E
        BANK1            000100-0001FF              100
        BANK2            000200-0002FF              100
        BANK3            000300-0003FF              100
        BANK4            000400-0004FF              100
        BANK5            000500-0005FF              100
        BANK6            000600-0006FF              100
        BANK7            000700-0007FF              100
        BIGRAM           00005E-00005F                2
                         0000C2-0007FF              73E
        CODE             000004-000007                4
                         000012-0007FF              7EE
                         001644-007FFF             69BC
        COMRAM           00005E-00005F                2
        CONST            000004-000007                4
                         000012-0007FF              7EE
                         001644-007FFF             69BC
        EEDATA           F00000-F000FF              100
        MEDIUMCONST      001644-007FFF             69BC
        RAM              0000C2-0007FF              100
        SFR              000F60-000FFF               A0
        SMALLCONST       001644-007FFF              100
        STACK            0000C2-0007FF              73E

                                  Symbol Table

?___aodiv                  cstackCOMRAM 000002
?___aomod                  cstackCOMRAM 000002
?___wmul                   cstackCOMRAM 000002
?_abs                      cstackCOMRAM 000014
?_dtoa                     cstackCOMRAM 00001D
?_pad                      cstackCOMRAM 000012
?_sprintf                  cstackBANK0  0000B2
?_strlen                   cstackCOMRAM 000002
?_vfpfcnvrt                cstackCOMRAM 000041
?_vfprintf                 cstackCOMRAM 000051
Lcd_Cmd@a                  cstackCOMRAM 000004
Lcd_Port@a                 cstackCOMRAM 000002
Lcd_Set_Cursor@a           cstackCOMRAM 000006
Lcd_Set_Cursor@b           cstackCOMRAM 000005
Lcd_Set_Cursor@temp        cstackCOMRAM 000009
Lcd_Set_Cursor@y           cstackCOMRAM 000008
Lcd_Set_Cursor@z           cstackCOMRAM 000007
Lcd_Write_Char@a           cstackCOMRAM 000005
Lcd_Write_Char@temp        cstackCOMRAM 000003
Lcd_Write_Char@y           cstackCOMRAM 000004
Lcd_Write_String@a         cstackCOMRAM 000006
Lcd_Write_String@i         cstackCOMRAM 000008
_ADCON1bits                (abs)        000FC1
_GIE                       (abs)        007F97
_INT0IE                    (abs)        007F94
_INT0IF                    (abs)        007F91
_INTEDG0                   (abs)        007F8E
_LATD2                     (abs)        007C62
_LATD3                     (abs)        007C63
_LATD4                     (abs)        007C64
_LATD5                     (abs)        007C65
_LATD6                     (abs)        007C66
_LATD7                     (abs)        007C67
_LATDbits                  (abs)        000F8C
_Lcd_Cmd                   text20       001604
_Lcd_Init                  text19       001282
_Lcd_Port                  text21       0013BC
_Lcd_Set_Cursor            text18       0012F4
_Lcd_Write_Char            text17       001570
_Lcd_Write_String          text16       001530
_Numero1                   bssBANK0     00006E
_Numero2                   bssBANK0     00006C
_OSCCON                    (abs)        000FD3
_PORTE                     (abs)        000F84
_PSA                       (abs)        007EAB
_T08BIT                    (abs)        007EAE
_T0CS                      (abs)        007EAD
_TMR0H                     (abs)        000FD7
_TMR0IE                    (abs)        007F95
_TMR0IF                    (abs)        007F92
_TMR0L                     (abs)        000FD6
_TMR0ON                    (abs)        007EAF
_TRISB                     (abs)        000F93
_TRISD                     (abs)        000F95
_TRISE                     (abs)        000F96
__HRAM                     (abs)        000000
__Habs1                    abs1         000000
__Hbank0                   bank0        000000
__Hbank1                   bank1        000000
__Hbank2                   bank2        000000
__Hbank3                   bank3        000000
__Hbank4                   bank4        000000
__Hbank5                   bank5        000000
__Hbank6                   bank6        000000
__Hbank7                   bank7        000000
__Hbigbss                  bigbss       000000
__Hbigdata                 bigdata      000000
__Hbigram                  bigram       000000
__Hbss                     bss          000000
__HbssBANK0                bssBANK0     000000
__HbssCOMRAM               bssCOMRAM    000000
__Hcinit                   cinit        000000
__Hclrtext                 clrtext      000000
__Hcomram                  comram       000000
__Hconfig                  config       30000E
__Hconst                   const        000000
__HcstackBANK0             cstackBANK0  000000
__HcstackCOMRAM            cstackCOMRAM 000000
__Hdata                    data         000000
__HdataBANK0               dataBANK0    000000
__Heeprom_data             eeprom_data  000000
__Hfarbss                  farbss       000000
__Hfardata                 fardata      000000
__Hibigdata                ibigdata     000000
__Hidata                   idata        000000
__HidataBANK0              idataBANK0   000000
__Hidloc                   idloc        200008
__Hifardata                ifardata     000000
__Hinit                    init         000012
__Hintcode                 intcode      00000E
__Hintcode_body            intcode_body 000000
__Hintcodelo               intcodelo    00000E
__Hintentry                intentry     000000
__Hintret                  intret       000000
__Hintsave_regs            intsave_regs 000000
__Hirdata                  irdata       000000
__Hmediumconst             mediumconst  000000
__HnvFARRAM                nvFARRAM     000000
__Hnvbit                   nvbit        000000
__Hnvrram                  nvrram       000000
__Hparam                   rparam       000000
__Hpowerup                 powerup      00000E
__Hram                     ram          000000
__Hramtop                  ramtop       000800
__Hrbit                    rbit         000000
__Hrbss                    rbss         000000
__Hrdata                   rdata        000000
__Hreset_vec               reset_vec    000004
__Hrparam                  rparam       000000
__Hsfr                     sfr          000000
__Hsmallconst              smallconst   000824
__Hspace_0                 (abs)        001644
__Hspace_1                 (abs)        0000C2
__Hspace_2                 (abs)        000000
__Hspace_4                 (abs)        60000E
__Hstack                   stack        000000
__Hstruct                  struct       000000
__Htemp                    temp         00005E
__Htext                    text         000000
__Htext0                   text0        000000
__Htext1                   text1        000000
__Htext10                  text10       000000
__Htext11                  text11       000000
__Htext12                  text12       000000
__Htext13                  text13       000000
__Htext14                  text14       000000
__Htext15                  text15       000000
__Htext16                  text16       000000
__Htext17                  text17       000000
__Htext18                  text18       000000
__Htext19                  text19       000000
__Htext2                   text2        000000
__Htext20                  text20       000000
__Htext21                  text21       000000
__Htext3                   text3        000000
__Htext4                   text4        000000
__Htext5                   text5        000000
__Htext6                   text6        000000
__Htext7                   text7        000000
__Htext8                   text8        000000
__Htext9                   text9        000000
__LRAM                     (abs)        000001
__Labs1                    abs1         000000
__Lbank0                   bank0        000000
__Lbank1                   bank1        000000
__Lbank2                   bank2        000000
__Lbank3                   bank3        000000
__Lbank4                   bank4        000000
__Lbank5                   bank5        000000
__Lbank6                   bank6        000000
__Lbank7                   bank7        000000
__Lbigbss                  bigbss       000000
__Lbigdata                 bigdata      000000
__Lbigram                  bigram       000000
__Lbss                     bss          000000
__LbssBANK0                bssBANK0     000000
__LbssCOMRAM               bssCOMRAM    000000
__Lcinit                   cinit        000000
__Lclrtext                 clrtext      000000
__Lcomram                  comram       000000
__Lconfig                  config       000000
__Lconst                   const        000000
__LcstackBANK0             cstackBANK0  000000
__LcstackCOMRAM            cstackCOMRAM 000000
__Ldata                    data         000000
__LdataBANK0               dataBANK0    000000
__Leeprom_data             eeprom_data  000000
__Lfarbss                  farbss       000000
__Lfardata                 fardata      000000
__Libigdata                ibigdata     000000
__Lidata                   idata        000000
__LidataBANK0              idataBANK0   000000
__Lidloc                   idloc        000000
__Lifardata                ifardata     000000
__Linit                    init         00000E
__Lintcode                 intcode      000008
__Lintcode_body            intcode_body 000000
__Lintcodelo               intcodelo    00000E
__Lintentry                intentry     000000
__Lintret                  intret       000000
__Lintsave_regs            intsave_regs 000000
__Lirdata                  irdata       000000
__Lmediumconst             mediumconst  000000
__LnvFARRAM                nvFARRAM     000000
__Lnvbit                   nvbit        000000
__Lnvrram                  nvrram       000000
__Lparam                   rparam       000000
__Lpowerup                 powerup      00000E
__Lram                     ram          000000
__Lramtop                  ramtop       000800
__Lrbit                    rbit         000000
__Lrbss                    rbss         000000
__Lrdata                   rdata        000000
__Lreset_vec               reset_vec    000000
__Lrparam                  rparam       000000
__Lsfr                     sfr          000000
__Lsmallconst              smallconst   000800
__Lspace_0                 (abs)        000000
__Lspace_1                 (abs)        000000
__Lspace_2                 (abs)        000000
__Lspace_4                 (abs)        000000
__Lstack                   stack        000000
__Lstruct                  struct       000000
__Ltemp                    temp         00005D
__Ltext                    text         000000
__Ltext0                   text0        000000
__Ltext1                   text1        000000
__Ltext10                  text10       000000
__Ltext11                  text11       000000
__Ltext12                  text12       000000
__Ltext13                  text13       000000
__Ltext14                  text14       000000
__Ltext15                  text15       000000
__Ltext16                  text16       000000
__Ltext17                  text17       000000
__Ltext18                  text18       000000
__Ltext19                  text19       000000
__Ltext2                   text2        000000
__Ltext20                  text20       000000
__Ltext21                  text21       000000
__Ltext3                   text3        000000
__Ltext4                   text4        000000
__Ltext5                   text5        000000
__Ltext6                   text6        000000
__Ltext7                   text7        000000
__Ltext8                   text8        000000
__Ltext9                   text9        000000
__S0                       (abs)        001644
__S1                       (abs)        0000C2
__S2                       (abs)        000000
__S4                       (abs)        000000
__S5                       (abs)        000000
___aodiv                   text12       000CB6
___aodiv@counter           cstackCOMRAM 000012
___aodiv@dividend          cstackCOMRAM 000002
___aodiv@divisor           cstackCOMRAM 00000A
___aodiv@quotient          cstackCOMRAM 000014
___aodiv@sign              cstackCOMRAM 000013
___aomod                   text11       000E3E
___aomod@counter           cstackCOMRAM 000012
___aomod@dividend          cstackCOMRAM 000002
___aomod@divisor           cstackCOMRAM 00000A
___aomod@sign              cstackCOMRAM 000013
___inthi_sp                stack        000000
___intlo_sp                stack        000000
___param_bank              (abs)        000000
___rparam_used             (abs)        000001
___sp                      stack        000000
___wmul                    text15       0015DE
___wmul@multiplicand       cstackCOMRAM 000004
___wmul@multiplier         cstackCOMRAM 000002
___wmul@product            cstackCOMRAM 000006
__accesstop                (abs)        000060
__activetblptr             (abs)        000001
__end_of_Lcd_Cmd           text20       001624
__end_of_Lcd_Init          text19       0012F4
__end_of_Lcd_Port          text21       001418
__end_of_Lcd_Set_Cursor    text18       00135A
__end_of_Lcd_Write_Char    text17       0015A8
__end_of_Lcd_Write_String  text16       001570
__end_of___aodiv           text12       000E3E
__end_of___aomod           text11       000FA2
__end_of___wmul            text15       001604
__end_of__initialization   cinit        0014DE
__end_of_abs               text10       001530
__end_of_dtoa              text4        000B02
__end_of_fputc             text8        00106C
__end_of_fputs             text7        0014AE
__end_of_interrupcao       intcode_body 001282
__end_of_main              text0        0011EE
__end_of_pad               text5        00112E
__end_of_putch             text9        001644
__end_of_setupInt          text14       001640
__end_of_setupTmr0         text13       001636
__end_of_sprintf           text1        00146A
__end_of_strlen            text6        0015DE
__end_of_vfpfcnvrt         text3        000CB6
__end_of_vfprintf          text2        0013BC
__initialization           cinit        0014AE
__mediumconst              mediumconst  000000
__pbssBANK0                bssBANK0     000060
__pbssCOMRAM               bssCOMRAM    000057
__pcinit                   cinit        0014AE
__pcstackBANK0             cstackBANK0  0000B0
__pcstackCOMRAM            cstackCOMRAM 000001
__pdataBANK0               dataBANK0    0000C0
__pidataBANK0              idataBANK0   001640
__pintcode                 intcode      000008
__pintcode_body            intcode_body 0011EE
__psmallconst              smallconst   000800
__ptext0                   text0        00112E
__ptext1                   text1        001418
__ptext10                  text10       0014F0
__ptext11                  text11       000E3E
__ptext12                  text12       000CB6
__ptext13                  text13       001624
__ptext14                  text14       001636
__ptext15                  text15       0015DE
__ptext16                  text16       001530
__ptext17                  text17       001570
__ptext18                  text18       0012F4
__ptext19                  text19       001282
__ptext2                   text2        00135A
__ptext20                  text20       001604
__ptext21                  text21       0013BC
__ptext3                   text3        000B02
__ptext4                   text4        000824
__ptext5                   text5        00106C
__ptext6                   text6        0015A8
__ptext7                   text7        00146A
__ptext8                   text8        000FA2
__ptext9                   text9        001642
__ramtop                   ramtop       000800
__size_of_Lcd_Cmd          (abs)        000000
__size_of_Lcd_Init         (abs)        000000
__size_of_Lcd_Port         (abs)        000000
__size_of_Lcd_Set_Cursor   (abs)        000000
__size_of_Lcd_Write_Char   (abs)        000000
__size_of_Lcd_Write_String (abs)        000000
__size_of___aodiv          (abs)        000000
__size_of___aomod          (abs)        000000
__size_of___wmul           (abs)        000000
__size_of_abs              (abs)        000000
__size_of_dtoa             (abs)        000000
__size_of_fputc            (abs)        000000
__size_of_fputs            (abs)        000000
__size_of_interrupcao      (abs)        000000
__size_of_main             (abs)        000000
__size_of_pad              (abs)        000000
__size_of_putch            (abs)        000000
__size_of_setupInt         (abs)        000000
__size_of_setupTmr0        (abs)        000000
__size_of_sprintf          (abs)        000000
__size_of_strlen           (abs)        000000
__size_of_vfpfcnvrt        (abs)        000000
__size_of_vfprintf         (abs)        000000
__smallconst               smallconst   000800
_abs                       text10       0014F0
_cont                      dataBANK0    0000C0
_controle                  bssBANK0     00006A
_dbuf                      bssBANK0     000070
_dtoa                      text4        000824
_dtoa$707                  cstackCOMRAM 00002F
_flags                     bssCOMRAM    000059
_fputc                     text8        000FA2
_fputs                     text7        00146A
_interrupcao               intcode      000008
_linha1                    bssBANK0     0000A0
_linha2                    bssBANK0     000090
_main                      text0        00112E
_nout                      bssBANK0     000060
_pad                       text5        00106C
_periodo                   bssBANK0     000066
_periodo_anterior          bssBANK0     000064
_prec                      bssCOMRAM    000057
_putch                     text9        001642
_resultado                 bssBANK0     000068
_setupInt                  text14       001636
_setupTmr0                 text13       001624
_sprintf                   text1        001418
_strlen                    text6        0015A8
_tecla                     bssCOMRAM    00005B
_vfpfcnvrt                 text3        000B02
_vfprintf                  text2        00135A
_width                     bssBANK0     000062
abs@a                      cstackCOMRAM 000014
btemp                      temp         00005D
dtoa@d                     cstackCOMRAM 00001F
dtoa@fp                    cstackCOMRAM 00001D
dtoa@i                     cstackCOMRAM 00003F
dtoa@n                     cstackCOMRAM 000037
dtoa@p                     cstackCOMRAM 000031
dtoa@s                     cstackCOMRAM 000035
dtoa@w                     cstackCOMRAM 000033
end_of_initialization      cinit        0014DE
fputc@c                    cstackCOMRAM 000002
fputc@fp                   cstackCOMRAM 000004
fputs@c                    cstackCOMRAM 00000F
fputs@fp                   cstackCOMRAM 00000D
fputs@i                    cstackCOMRAM 000010
fputs@s                    cstackCOMRAM 00000B
int$flags                  temp         00005D
int_func                   intcode_body 0011EE
intlevel0                  text         000000
intlevel1                  text         000000
intlevel2                  text         000000
intlevel3                  text         000000
isa$std                    (abs)        000001
isa$xinst                  (abs)        000000
pad@buf                    cstackCOMRAM 000014
pad@fp                     cstackCOMRAM 000012
pad@i                      cstackCOMRAM 000019
pad@p                      cstackCOMRAM 000016
pad@w                      cstackCOMRAM 00001B
sprintf@ap                 cstackBANK0  0000B8
sprintf@f                  cstackBANK0  0000BA
sprintf@fmt                cstackBANK0  0000B4
sprintf@s                  cstackBANK0  0000B2
stackhi                    (abs)        0007FF
stacklo                    (abs)        0000C2
start                      init         00000E
start_initialization       cinit        0014AE
strlen@a                   cstackCOMRAM 000004
strlen@s                   cstackCOMRAM 000002
ttemp5                     temp         00005E
ttemp6                     temp         000061
ttemp7                     temp         000065
vfpfcnvrt@ap               cstackCOMRAM 000045
vfpfcnvrt@fmt              cstackCOMRAM 000043
vfpfcnvrt@fp               cstackCOMRAM 000041
vfpfcnvrt@ll               cstackCOMRAM 000049
vfprintf@ap                cstackCOMRAM 000055
vfprintf@cfmt              cstackBANK0  0000B0
vfprintf@fmt               cstackCOMRAM 000053
vfprintf@fp                cstackCOMRAM 000051
wtemp8                     temp         00005E


MODULE INFORMATION

Module		Function		Class		Link	Load	Size
C:\Program Files\Microchip\xc8\v2.32\pic\sources\c99\common\nf_sprintf.c
		_sprintf       		CODE           	1418	0000	82

C:\Program Files\Microchip\xc8\v2.32\pic\sources\c99\common\nf_sprintf.c estimated size: 82

C:\Program Files\Microchip\xc8\v2.32\pic\sources\c99\common\doprnt.c
		_vfpfcnvrt     		CODE           	0B02	0000	436
		_pad           		CODE           	106C	0000	194
		_dtoa          		CODE           	0824	0000	734
		_vfprintf      		CODE           	135A	0000	98

C:\Program Files\Microchip\xc8\v2.32\pic\sources\c99\common\doprnt.c estimated size: 1462

./lcd.h
		_Lcd_Write_String		CODE           	1530	0000	64
		_Lcd_Init      		CODE           	1282	0000	114
		_Lcd_Write_Char		CODE           	1570	0000	56
		_Lcd_Cmd       		CODE           	1604	0000	32
		_Lcd_Set_Cursor		CODE           	12F4	0000	102
		_Lcd_Port      		CODE           	13BC	0000	92

./lcd.h estimated size: 460

C:\Program Files\Microchip\xc8\v2.32\pic\sources\c99\common\nf_fputs.c
		_fputs         		CODE           	146A	0000	68

C:\Program Files\Microchip\xc8\v2.32\pic\sources\c99\common\nf_fputs.c estimated size: 68

C:\Program Files\Microchip\xc8\v2.32\pic\sources\c99\common\putch.c
		_putch         		CODE           	1642	0000	2

C:\Program Files\Microchip\xc8\v2.32\pic\sources\c99\common\putch.c estimated size: 2

C:\Program Files\Microchip\xc8\v2.32\pic\sources\c99\common\Umul16.c
		___wmul        		CODE           	15DE	0000	38

C:\Program Files\Microchip\xc8\v2.32\pic\sources\c99\common\Umul16.c estimated size: 38

C:\Program Files\Microchip\xc8\v2.32\pic\sources\c99\common\abs.c
		_abs           		CODE           	14F0	0000	64

C:\Program Files\Microchip\xc8\v2.32\pic\sources\c99\common\abs.c estimated size: 64

C:\Program Files\Microchip\xc8\v2.32\pic\sources\c99\common\aomod.c
		___aomod       		CODE           	0E3E	0000	356

C:\Program Files\Microchip\xc8\v2.32\pic\sources\c99\common\aomod.c estimated size: 356

shared
		__initialization		CODE           	14AE	0000	48

shared estimated size: 48

C:\Program Files\Microchip\xc8\v2.32\pic\sources\c99\common\nf_fputc.c
		_fputc         		CODE           	0FA2	0000	202

C:\Program Files\Microchip\xc8\v2.32\pic\sources\c99\common\nf_fputc.c estimated size: 202

C:\Program Files\Microchip\xc8\v2.32\pic\sources\c99\common\aodiv.c
		___aodiv       		CODE           	0CB6	0000	392

C:\Program Files\Microchip\xc8\v2.32\pic\sources\c99\common\aodiv.c estimated size: 392

main.c
		_main          		CODE           	112E	0000	192
		_setupInt      		CODE           	1636	0000	10
		_interrupcao   		CODE           	0008	0000	154
		_setupTmr0     		CODE           	1624	0000	18

main.c estimated size: 374

C:\Program Files\Microchip\xc8\v2.32\pic\sources\c99\common\strlen.c
		_strlen        		CODE           	15A8	0000	54

C:\Program Files\Microchip\xc8\v2.32\pic\sources\c99\common\strlen.c estimated size: 54

