Microchip MPLAB XC8 Compiler V2.32

Linker command line:

-W-3 --edf=C:\Program Files\Microchip\xc8\v2.32\pic\dat\en_msgs.txt -cn \
  -h+dist/default/production\atividade_03.production.sym \
  --cmf=dist/default/production\atividade_03.production.cmf -z -Q18F4550 \
  -oC:\Users\rafae\AppData\Local\Temp\xcAs3a8.4 --defsym=__MPLAB_BUILD=1 \
  -Mdist/default/production/atividade_03.production.map -E1 \
  -ver=XC8 Compiler --acfsm=1493 -ASTACK=0D9h-07FFh -pstack=STACK \
  -ACODE=00h-07FFFh -ACONST=00h-07FFFh -ASMALLCONST=0800h-08FFhx120 \
  -AMEDIUMCONST=0800h-07FFFh -ACOMRAM=01h-05Fh -AABS1=00h-07FFh \
  -ABIGRAM=01h-07FFh -ARAM=060h-0FFh,0100h-01FFhx7 -ABANK0=060h-0FFh \
  -ABANK1=0100h-01FFh -ABANK2=0200h-02FFh -ABANK3=0300h-03FFh \
  -ABANK4=0400h-04FFh -ABANK5=0500h-05FFh -ABANK6=0600h-06FFh \
  -ABANK7=0700h-07FFh -ASFR=0F60h-0FFFh -ACONFIG=0300000h-030000Dh \
  -AIDLOC=0200000h-0200007h -AEEDATA=0F00000h-0F000FFh -peeprom_data=EEDATA \
  -preset_vec=00h,intcode=08h,intcodelo,powerup,init -pramtop=0800h \
  -psmallconst=SMALLCONST -pmediumconst=MEDIUMCONST -pconst=CONST \
  -AFARRAM=00h-00h \
  -prdata=COMRAM,nvrram=COMRAM,nvbit=COMRAM,rbss=COMRAM,rbit=COMRAM \
  -pfarbss=FARRAM,fardata=FARRAM,nvFARRAM=FARRAM \
  -pintsave_regs=BIGRAM,bigbss=BIGRAM,bigdata=BIGRAM -pbss=RAM \
  -pidata=CODE,irdata=CODE,ibigdata=CODE,ifardata=CODE -prparam=COMRAM \
  C:\Users\rafae\AppData\Local\Temp\xcAs3a8.o \
  dist/default/production\atividade_03.production.o 

Object code version is 3.11

Machine type is 18F4550



                Name                               Link     Load   Length Selector   Space Scale
C:\Users\rafae\AppData\Local\Temp\xcAs3a8.o
                idloc                            200000   200000        8        0       5
                config                           300000   300000        E        0       4
                init                                  E        E        4        4       0
                reset_vec                             0        0        4        0       0
dist/default/production\atividade_03.production.o
                intcode                               8        8        6        4       0
                idloc                            200000   200000        8        0       5
                config                           300000   300000        E        0       4
                temp                                 5E       5E        1        1       1
                smallconst                          800      800       2C      400       0
                text29                             15C8     15C8       60      416       0
                text28                             1924     1924        2      C8D       0
                text27                             1076     1076       CA      416       0
                text26                             1734     1734       4E      416       0
                text25                              C38      C38      198      416       0
                text24                              DD0      DD0       F0      416       0
                text23                              FA6      FA6       D0      416       0
                text22                             1782     1782       44      416       0
                text21                             1140     1140       C2      416       0
                text20                              A38      A38      200      416       0
                text19                              82C      82C      20C      416       0
                text18                             1506     1506       62      416       0
                text17                             16E2     16E2       52      416       0
                text16                             1686     1686       5C      416       0
                text15                             18E0     18E0       20      416       0
                text14                             14A0     14A0       66      416       0
                text13                             1882     1882       38      416       0
                text12                             133C     133C       7E      416       0
                text11                              EC0      EC0       E6      416       0
                intcode_body                       1202     1202       B6      416       0
                text9                              1568     1568       60      416       0
                text8                              18BA     18BA       26      416       0
                text7                              1900     1900        E      416       0
                text6                              13BA     13BA       78      416       0
                text5                              1432     1432       6E      416       0
                text4                              1844     1844       3E      416       0
                text3                              12B8     12B8       84      416       0
                text2                              191A     191A        6      C8D       0
                text1                              17C6     17C6       40      416       0
                text0                              1806     1806       3E      416       0
                cstackCOMRAM                          1        1       57        1       1
                cstackBANK0                          A0       A0       2E       60       1
                dataBANK0                            CE       CE        B       60       1
                bssBANK0                             60       60       40       60       1
                dataCOMRAM                           58       58        4        1       1
                bssCOMRAM                            5C       5C        2        1       1
                cinit                              1628     1628       5E      416       0
                idataBANK0                         190E     190E        B      416       0
                idataCOMRAM                        1920     1920        4      C8D       0

TOTAL           Name                               Link     Load   Length     Space
        CLASS   STACK          

        CLASS   CODE           
                intcode                               8        8        6         0
                init                                  E        E        4         0
                reset_vec                             0        0        4         0
                text29                             15C8     15C8       60         0
                text28                             1924     1924        2         0
                text27                             1076     1076       CA         0
                text26                             1734     1734       4E         0
                text25                              C38      C38      198         0
                text24                              DD0      DD0       F0         0
                text23                              FA6      FA6       D0         0
                text22                             1782     1782       44         0
                text21                             1140     1140       C2         0
                text20                              A38      A38      200         0
                text19                              82C      82C      20C         0
                text18                             1506     1506       62         0
                text17                             16E2     16E2       52         0
                text16                             1686     1686       5C         0
                text15                             18E0     18E0       20         0
                text14                             14A0     14A0       66         0
                text13                             1882     1882       38         0
                text12                             133C     133C       7E         0
                text11                              EC0      EC0       E6         0
                intcode_body                       1202     1202       B6         0
                text9                              1568     1568       60         0
                text8                              18BA     18BA       26         0
                text7                              1900     1900        E         0
                text6                              13BA     13BA       78         0
                text5                              1432     1432       6E         0
                text4                              1844     1844       3E         0
                text3                              12B8     12B8       84         0
                text2                              191A     191A        6         0
                text1                              17C6     17C6       40         0
                text0                              1806     1806       3E         0
                cinit                              1628     1628       5E         0
                idataBANK0                         190E     190E        B         0
                idataCOMRAM                        1920     1920        4         0

        CLASS   CONST          

        CLASS   SMALLCONST     
                smallconst                          800      800       2C         0

        CLASS   MEDIUMCONST    

        CLASS   COMRAM         
                temp                                 5E       5E        1         1
                cstackCOMRAM                          1        1       57         1
                dataCOMRAM                           58       58        4         1
                bssCOMRAM                            5C       5C        2         1

        CLASS   ABS1           

        CLASS   BIGRAM         

        CLASS   RAM            

        CLASS   BANK0          
                cstackBANK0                          A0       A0       2E         1
                dataBANK0                            CE       CE        B         1
                bssBANK0                             60       60       40         1

        CLASS   BANK1          

        CLASS   BANK2          

        CLASS   BANK3          

        CLASS   BANK4          

        CLASS   BANK5          

        CLASS   BANK6          

        CLASS   BANK7          

        CLASS   SFR            

        CLASS   CONFIG         
                config                           300000   300000        E         4

        CLASS   IDLOC          
                idloc                            200000   200000        8         5

        CLASS   EEDATA         

        CLASS   FARRAM         



SEGMENTS        Name                           Load    Length   Top    Selector   Space  Class

                reset_vec                      000000  000004  000004         0       0  CODE    
                cstackCOMRAM                   000001  00005E  00005F         1       1  COMRAM  
                intcode                        000008  00000A  000012         4       0  CODE    
                bssBANK0                       000060  000079  0000D9        60       1  BANK0   
                smallconst                     000800  00002C  00082C       400       0  SMALLCON
                text19                         00082C  0010ED  001919       416       0  CODE    
                text2                          00191A  00000C  001926       C8D       0  CODE    


UNUSED ADDRESS RANGES

        Name                Unused          Largest block    Delta
        BANK0            0000D9-0000FF               27
        BANK1            000100-0001FF              100
        BANK2            000200-0002FF              100
        BANK3            000300-0003FF              100
        BANK4            000400-0004FF              100
        BANK5            000500-0005FF              100
        BANK6            000600-0006FF              100
        BANK7            000700-0007FF              100
        BIGRAM           00005F-00005F                1
                         0000D9-0007FF              727
        CODE             000004-000007                4
                         000012-0007FF              7EE
                         001919-001919                1
                         001926-007FFF             66DA
        COMRAM           00005F-00005F                1
        CONST            000004-000007                4
                         000012-0007FF              7EE
                         001919-001919                1
                         001926-007FFF             66DA
        EEDATA           F00000-F000FF              100
        MEDIUMCONST      001919-001919                1
                         001926-007FFF             66DA
        RAM              0000D9-0007FF              100
        SFR              000F60-000FFF               A0
        SMALLCONST       001919-001919                1
                         001926-007FFF              100
        STACK            0000D9-0007FF              727

                                  Symbol Table

?___lodiv                     cstackCOMRAM 000001
?___lomod                     cstackCOMRAM 000001
?_pad                         cstackCOMRAM 000011
?_sprintf                     cstackBANK0  0000A0
?_stoa                        cstackCOMRAM 00000A
?_strlen                      cstackCOMRAM 000001
?_utoa                        cstackCOMRAM 00001C
?_vfpfcnvrt                   cstackCOMRAM 00003C
?_vfprintf                    cstackCOMRAM 000050
Lcd_Cmd@a                     cstackBANK0  0000C6
Lcd_Port@a                    cstackBANK0  0000C4
Lcd_Set_Cursor@a              cstackBANK0  0000C8
Lcd_Set_Cursor@b              cstackBANK0  0000C7
Lcd_Set_Cursor@temp           cstackBANK0  0000CB
Lcd_Set_Cursor@y              cstackBANK0  0000CA
Lcd_Set_Cursor@z              cstackBANK0  0000C9
Lcd_Write_Char@a              cstackBANK0  0000C7
Lcd_Write_Char@temp           cstackBANK0  0000C5
Lcd_Write_Char@y              cstackBANK0  0000C6
Lcd_Write_String@a            cstackBANK0  0000C8
Lcd_Write_String@i            cstackBANK0  0000CC
_GIE                          (abs)        007F97
_LATD4                        (abs)        007C64
_LATD5                        (abs)        007C65
_LATD6                        (abs)        007C66
_LATD7                        (abs)        007C67
_LATE0                        (abs)        007C68
_LATE1                        (abs)        007C69
_Lcd_Clear                    text7        001900
_Lcd_Cmd                      text8        0018BA
_Lcd_Init                     text6        0013BA
_Lcd_Port                     text9        001568
_Lcd_Set_Cursor               text5        001432
_Lcd_Write_Char               text4        001844
_Lcd_Write_String             text3        0012B8
_OSCCON                       (abs)        000FD3
_PSA                          (abs)        007EAB
_T08BIT                       (abs)        007EAE
_T0CS                         (abs)        007EAD
_TMR0H                        (abs)        000FD7
_TMR0IE                       (abs)        007F95
_TMR0IF                       (abs)        007F92
_TMR0L                        (abs)        000FD6
_TMR0ON                       (abs)        007EAF
_TRISD                        (abs)        000F95
_TRISE                        (abs)        000F96
__HRAM                        (abs)        000000
__Habs1                       abs1         000000
__Hbank0                      bank0        000000
__Hbank1                      bank1        000000
__Hbank2                      bank2        000000
__Hbank3                      bank3        000000
__Hbank4                      bank4        000000
__Hbank5                      bank5        000000
__Hbank6                      bank6        000000
__Hbank7                      bank7        000000
__Hbigbss                     bigbss       000000
__Hbigdata                    bigdata      000000
__Hbigram                     bigram       000000
__Hbss                        bss          000000
__HbssBANK0                   bssBANK0     000000
__HbssCOMRAM                  bssCOMRAM    000000
__Hcinit                      cinit        000000
__Hclrtext                    clrtext      000000
__Hcomram                     comram       000000
__Hconfig                     config       30000E
__Hconst                      const        000000
__HcstackBANK0                cstackBANK0  000000
__HcstackCOMRAM               cstackCOMRAM 000000
__Hdata                       data         000000
__HdataBANK0                  dataBANK0    000000
__HdataCOMRAM                 dataCOMRAM   000000
__Heeprom_data                eeprom_data  000000
__Hfarbss                     farbss       000000
__Hfardata                    fardata      000000
__Hibigdata                   ibigdata     000000
__Hidata                      idata        000000
__HidataBANK0                 idataBANK0   000000
__HidataCOMRAM                idataCOMRAM  000000
__Hidloc                      idloc        200008
__Hifardata                   ifardata     000000
__Hinit                       init         000012
__Hintcode                    intcode      00000E
__Hintcode_body               intcode_body 000000
__Hintcodelo                  intcodelo    00000E
__Hintentry                   intentry     000000
__Hintret                     intret       000000
__Hintsave_regs               intsave_regs 000000
__Hirdata                     irdata       000000
__Hmediumconst                mediumconst  000000
__HnvFARRAM                   nvFARRAM     000000
__Hnvbit                      nvbit        000000
__Hnvrram                     nvrram       000000
__Hparam                      rparam       000000
__Hpowerup                    powerup      00000E
__Hram                        ram          000000
__Hramtop                     ramtop       000800
__Hrbit                       rbit         000000
__Hrbss                       rbss         000000
__Hrdata                      rdata        000000
__Hreset_vec                  reset_vec    000004
__Hrparam                     rparam       000000
__Hsfr                        sfr          000000
__Hsmallconst                 smallconst   00082C
__Hspace_0                    (abs)        001926
__Hspace_1                    (abs)        0000D9
__Hspace_2                    (abs)        000000
__Hspace_4                    (abs)        60000E
__Hstack                      stack        000000
__Hstruct                     struct       000000
__Htemp                       temp         00005F
__Htext                       text         000000
__Htext0                      text0        000000
__Htext1                      text1        000000
__Htext11                     text11       000000
__Htext12                     text12       000000
__Htext13                     text13       000000
__Htext14                     text14       000000
__Htext15                     text15       000000
__Htext16                     text16       000000
__Htext17                     text17       000000
__Htext18                     text18       000000
__Htext19                     text19       000000
__Htext2                      text2        000000
__Htext20                     text20       000000
__Htext21                     text21       000000
__Htext22                     text22       000000
__Htext23                     text23       000000
__Htext24                     text24       000000
__Htext25                     text25       000000
__Htext26                     text26       000000
__Htext27                     text27       000000
__Htext28                     text28       000000
__Htext29                     text29       000000
__Htext3                      text3        000000
__Htext4                      text4        000000
__Htext5                      text5        000000
__Htext6                      text6        000000
__Htext7                      text7        000000
__Htext8                      text8        000000
__Htext9                      text9        000000
__LRAM                        (abs)        000001
__Labs1                       abs1         000000
__Lbank0                      bank0        000000
__Lbank1                      bank1        000000
__Lbank2                      bank2        000000
__Lbank3                      bank3        000000
__Lbank4                      bank4        000000
__Lbank5                      bank5        000000
__Lbank6                      bank6        000000
__Lbank7                      bank7        000000
__Lbigbss                     bigbss       000000
__Lbigdata                    bigdata      000000
__Lbigram                     bigram       000000
__Lbss                        bss          000000
__LbssBANK0                   bssBANK0     000000
__LbssCOMRAM                  bssCOMRAM    000000
__Lcinit                      cinit        000000
__Lclrtext                    clrtext      000000
__Lcomram                     comram       000000
__Lconfig                     config       000000
__Lconst                      const        000000
__LcstackBANK0                cstackBANK0  000000
__LcstackCOMRAM               cstackCOMRAM 000000
__Ldata                       data         000000
__LdataBANK0                  dataBANK0    000000
__LdataCOMRAM                 dataCOMRAM   000000
__Leeprom_data                eeprom_data  000000
__Lfarbss                     farbss       000000
__Lfardata                    fardata      000000
__Libigdata                   ibigdata     000000
__Lidata                      idata        000000
__LidataBANK0                 idataBANK0   000000
__LidataCOMRAM                idataCOMRAM  000000
__Lidloc                      idloc        000000
__Lifardata                   ifardata     000000
__Linit                       init         00000E
__Lintcode                    intcode      000008
__Lintcode_body               intcode_body 000000
__Lintcodelo                  intcodelo    00000E
__Lintentry                   intentry     000000
__Lintret                     intret       000000
__Lintsave_regs               intsave_regs 000000
__Lirdata                     irdata       000000
__Lmediumconst                mediumconst  000000
__LnvFARRAM                   nvFARRAM     000000
__Lnvbit                      nvbit        000000
__Lnvrram                     nvrram       000000
__Lparam                      rparam       000000
__Lpowerup                    powerup      00000E
__Lram                        ram          000000
__Lramtop                     ramtop       000800
__Lrbit                       rbit         000000
__Lrbss                       rbss         000000
__Lrdata                      rdata        000000
__Lreset_vec                  reset_vec    000000
__Lrparam                     rparam       000000
__Lsfr                        sfr          000000
__Lsmallconst                 smallconst   000800
__Lspace_0                    (abs)        000000
__Lspace_1                    (abs)        000000
__Lspace_2                    (abs)        000000
__Lspace_4                    (abs)        000000
__Lstack                      stack        000000
__Lstruct                     struct       000000
__Ltemp                       temp         00005E
__Ltext                       text         000000
__Ltext0                      text0        000000
__Ltext1                      text1        000000
__Ltext11                     text11       000000
__Ltext12                     text12       000000
__Ltext13                     text13       000000
__Ltext14                     text14       000000
__Ltext15                     text15       000000
__Ltext16                     text16       000000
__Ltext17                     text17       000000
__Ltext18                     text18       000000
__Ltext19                     text19       000000
__Ltext2                      text2        000000
__Ltext20                     text20       000000
__Ltext21                     text21       000000
__Ltext22                     text22       000000
__Ltext23                     text23       000000
__Ltext24                     text24       000000
__Ltext25                     text25       000000
__Ltext26                     text26       000000
__Ltext27                     text27       000000
__Ltext28                     text28       000000
__Ltext29                     text29       000000
__Ltext3                      text3        000000
__Ltext4                      text4        000000
__Ltext5                      text5        000000
__Ltext6                      text6        000000
__Ltext7                      text7        000000
__Ltext8                      text8        000000
__Ltext9                      text9        000000
__S0                          (abs)        001926
__S1                          (abs)        0000D9
__S2                          (abs)        000000
__S4                          (abs)        000000
__S5                          (abs)        000000
___inthi_sp                   stack        000000
___intlo_sp                   stack        000000
___lodiv                      text24       000DD0
___lodiv@counter              cstackCOMRAM 000019
___lodiv@dividend             cstackCOMRAM 000001
___lodiv@divisor              cstackCOMRAM 000009
___lodiv@quotient             cstackCOMRAM 000011
___lomod                      text23       000FA6
___lomod@counter              cstackCOMRAM 000011
___lomod@dividend             cstackCOMRAM 000001
___lomod@divisor              cstackCOMRAM 000009
___param_bank                 (abs)        000000
___rparam_used                (abs)        000001
___sp                         stack        000000
__accesstop                   (abs)        000060
__activetblptr                (abs)        000002
__end_of_Lcd_Clear            text7        00190E
__end_of_Lcd_Cmd              text8        0018E0
__end_of_Lcd_Init             text6        001432
__end_of_Lcd_Port             text9        0015C8
__end_of_Lcd_Set_Cursor       text5        0014A0
__end_of_Lcd_Write_Char       text4        001882
__end_of_Lcd_Write_String     text3        00133C
__end_of___lodiv              text24       000EC0
__end_of___lomod              text23       001076
__end_of__initialization      cinit        001678
__end_of_cronometro           text29       001628
__end_of_disp_cronometro      text11       000FA6
__end_of_fputc                text27       001140
__end_of_fputs                text22       0017C6
__end_of_main                 text0        001844
__end_of_pad                  text21       001202
__end_of_putch                text28       001926
__end_of_setup_interruptions  text2        001920
__end_of_setup_tmr0           text1        001806
__end_of_sprintf              text17       001734
__end_of_stoa                 text25       000DD0
__end_of_strlen               text26       001782
__end_of_timer                intcode_body 0012B8
__end_of_utoa                 text20       000C38
__end_of_vfpfcnvrt            text19       000A38
__end_of_vfprintf             text18       001568
__end_ofi2_Lcd_Cmd            text15       001900
__end_ofi2_Lcd_Port           text16       0016E2
__end_ofi2_Lcd_Set_Cursor     text14       001506
__end_ofi2_Lcd_Write_Char     text13       0018BA
__end_ofi2_Lcd_Write_String   text12       0013BA
__initialization              cinit        001628
__mediumconst                 mediumconst  000000
__pbssBANK0                   bssBANK0     000060
__pbssCOMRAM                  bssCOMRAM    00005C
__pcinit                      cinit        001628
__pcstackBANK0                cstackBANK0  0000A0
__pcstackCOMRAM               cstackCOMRAM 000001
__pdataBANK0                  dataBANK0    0000CE
__pdataCOMRAM                 dataCOMRAM   000058
__pidataBANK0                 idataBANK0   00190E
__pidataCOMRAM                idataCOMRAM  001920
__pintcode                    intcode      000008
__pintcode_body               intcode_body 001202
__psmallconst                 smallconst   000800
__ptext0                      text0        001806
__ptext1                      text1        0017C6
__ptext11                     text11       000EC0
__ptext12                     text12       00133C
__ptext13                     text13       001882
__ptext14                     text14       0014A0
__ptext15                     text15       0018E0
__ptext16                     text16       001686
__ptext17                     text17       0016E2
__ptext18                     text18       001506
__ptext19                     text19       00082C
__ptext2                      text2        00191A
__ptext20                     text20       000A38
__ptext21                     text21       001140
__ptext22                     text22       001782
__ptext23                     text23       000FA6
__ptext24                     text24       000DD0
__ptext25                     text25       000C38
__ptext26                     text26       001734
__ptext27                     text27       001076
__ptext28                     text28       001924
__ptext29                     text29       0015C8
__ptext3                      text3        0012B8
__ptext4                      text4        001844
__ptext5                      text5        001432
__ptext6                      text6        0013BA
__ptext7                      text7        001900
__ptext8                      text8        0018BA
__ptext9                      text9        001568
__ramtop                      ramtop       000800
__size_of_Lcd_Clear           (abs)        000000
__size_of_Lcd_Cmd             (abs)        000000
__size_of_Lcd_Init            (abs)        000000
__size_of_Lcd_Port            (abs)        000000
__size_of_Lcd_Set_Cursor      (abs)        000000
__size_of_Lcd_Write_Char      (abs)        000000
__size_of_Lcd_Write_String    (abs)        000000
__size_of___lodiv             (abs)        000000
__size_of___lomod             (abs)        000000
__size_of_cronometro          (abs)        000000
__size_of_disp_cronometro     (abs)        000000
__size_of_fputc               (abs)        000000
__size_of_fputs               (abs)        000000
__size_of_main                (abs)        000000
__size_of_pad                 (abs)        000000
__size_of_putch               (abs)        000000
__size_of_setup_interruptions (abs)        000000
__size_of_setup_tmr0          (abs)        000000
__size_of_sprintf             (abs)        000000
__size_of_stoa                (abs)        000000
__size_of_strlen              (abs)        000000
__size_of_timer               (abs)        000000
__size_of_utoa                (abs)        000000
__size_of_vfpfcnvrt           (abs)        000000
__size_of_vfprintf            (abs)        000000
__size_ofi2_Lcd_Cmd           (abs)        000000
__size_ofi2_Lcd_Port          (abs)        000000
__size_ofi2_Lcd_Set_Cursor    (abs)        000000
__size_ofi2_Lcd_Write_Char    (abs)        000000
__size_ofi2_Lcd_Write_String  (abs)        000000
__smallconst                  smallconst   000800
_contagem                     dataBANK0    0000D5
_counter                      bssBANK0     00006C
_cronometro                   text29       0015C8
_dbuf                         bssBANK0     000070
_disp_cronometro              text11       000EC0
_flags                        bssCOMRAM    00005C
_fputc                        text27       001076
_fputs                        text22       001782
_h                            bssBANK0     00006E
_h0                           bssBANK0     00006A
_m                            dataCOMRAM   00005A
_m0                           bssBANK0     000068
_main                         text0        001806
_nout                         bssBANK0     000060
_pad                          text21       001140
_prec                         bssBANK0     000064
_putch                        text28       001924
_s                            dataCOMRAM   000058
_s0                           bssBANK0     000066
_setup_interruptions          text2        00191A
_setup_tmr0                   text1        0017C6
_sprintf                      text17       0016E2
_stoa                         text25       000C38
_strlen                       text26       001734
_timer                        intcode      000008
_tx_string                    bssBANK0     000090
_utoa                         text20       000A38
_vfpfcnvrt                    text19       00082C
_vfprintf                     text18       001506
_width                        bssBANK0     000062
btemp                         temp         00005E
end_of_initialization         cinit        001678
fputc@c                       cstackCOMRAM 000001
fputc@fp                      cstackCOMRAM 000003
fputs@c                       cstackCOMRAM 00000E
fputs@fp                      cstackCOMRAM 00000C
fputs@i                       cstackCOMRAM 00000F
fputs@s                       cstackCOMRAM 00000A
i2Lcd_Cmd@a                   cstackCOMRAM 000003
i2Lcd_Port@a                  cstackCOMRAM 000001
i2Lcd_Set_Cursor@a            cstackCOMRAM 000005
i2Lcd_Set_Cursor@b            cstackCOMRAM 000004
i2Lcd_Set_Cursor@temp         cstackCOMRAM 000008
i2Lcd_Set_Cursor@y            cstackCOMRAM 000007
i2Lcd_Set_Cursor@z            cstackCOMRAM 000006
i2Lcd_Write_Char@a            cstackCOMRAM 000004
i2Lcd_Write_Char@temp         cstackCOMRAM 000002
i2Lcd_Write_Char@y            cstackCOMRAM 000003
i2Lcd_Write_String@a          cstackCOMRAM 000005
i2Lcd_Write_String@i          cstackCOMRAM 000009
i2_Lcd_Cmd                    text15       0018E0
i2_Lcd_Port                   text16       001686
i2_Lcd_Set_Cursor             text14       0014A0
i2_Lcd_Write_Char             text13       001882
i2_Lcd_Write_String           text12       00133C
int$flags                     temp         00005E
int_func                      intcode_body 001202
intlevel0                     text         000000
intlevel1                     text         000000
intlevel2                     text         000000
intlevel3                     text         000000
isa$std                       (abs)        000001
isa$xinst                     (abs)        000000
pad@buf                       cstackCOMRAM 000013
pad@fp                        cstackCOMRAM 000011
pad@i                         cstackCOMRAM 000018
pad@p                         cstackCOMRAM 000015
pad@w                         cstackCOMRAM 00001A
sprintf@ap                    cstackBANK0  0000B0
sprintf@f                     cstackBANK0  0000B2
sprintf@fmt                   cstackBANK0  0000A2
sprintf@s                     cstackBANK0  0000A0
stackhi                       (abs)        0007FF
stacklo                       (abs)        0000D9
start                         init         00000E
start_initialization          cinit        001628
stoa@F1133                    dataBANK0    0000CE
stoa@cp                       cstackCOMRAM 00001A
stoa@fp                       cstackCOMRAM 00000A
stoa@i                        cstackCOMRAM 000016
stoa@l                        cstackCOMRAM 00001E
stoa@nuls                     cstackCOMRAM 00000F
stoa@p                        cstackCOMRAM 00001C
stoa@s                        cstackCOMRAM 00000C
stoa@w                        cstackCOMRAM 000018
strlen@a                      cstackCOMRAM 000003
strlen@s                      cstackCOMRAM 000001
ttemp5                        temp         00005F
ttemp6                        temp         000062
ttemp7                        temp         000066
utoa@d                        cstackCOMRAM 00001E
utoa@fp                       cstackCOMRAM 00001C
utoa@i                        cstackCOMRAM 00003A
utoa@n                        cstackCOMRAM 000032
utoa@p                        cstackCOMRAM 00002E
utoa@w                        cstackCOMRAM 000030
vfpfcnvrt@ap                  cstackCOMRAM 000040
vfpfcnvrt@cp                  cstackCOMRAM 00004E
vfpfcnvrt@fmt                 cstackCOMRAM 00003E
vfpfcnvrt@fp                  cstackCOMRAM 00003C
vfpfcnvrt@llu                 cstackCOMRAM 000046
vfprintf@ap                   cstackCOMRAM 000054
vfprintf@cfmt                 cstackCOMRAM 000056
vfprintf@fmt                  cstackCOMRAM 000052
vfprintf@fp                   cstackCOMRAM 000050
wtemp8                        temp         00005F


MODULE INFORMATION

Module		Function		Class		Link	Load	Size
C:\Program Files\Microchip\xc8\v2.32\pic\sources\c99\common\nf_sprintf.c
		_sprintf       		CODE           	16E2	0000	82

C:\Program Files\Microchip\xc8\v2.32\pic\sources\c99\common\nf_sprintf.c estimated size: 82

C:\Program Files\Microchip\xc8\v2.32\pic\sources\c99\common\doprnt.c
		_vfpfcnvrt     		CODE           	082C	0000	524
		_pad           		CODE           	1140	0000	194
		_vfprintf      		CODE           	1506	0000	98
		_stoa          		CODE           	0C38	0000	408
		_utoa          		CODE           	0A38	0000	512

C:\Program Files\Microchip\xc8\v2.32\pic\sources\c99\common\doprnt.c estimated size: 1736

C:\Program Files\Microchip\xc8\v2.32\pic\sources\c99\common\lomod.c
		___lomod       		CODE           	0FA6	0000	208

C:\Program Files\Microchip\xc8\v2.32\pic\sources\c99\common\lomod.c estimated size: 208

./lcd.h
		_Lcd_Write_String		CODE           	12B8	0000	132
		_Lcd_Init      		CODE           	13BA	0000	120
		_Lcd_Write_Char		CODE           	1844	0000	62
		_Lcd_Cmd       		CODE           	18BA	0000	38
		_Lcd_Set_Cursor		CODE           	1432	0000	110
		_Lcd_Clear     		CODE           	1900	0000	14
		_Lcd_Port      		CODE           	1568	0000	96

./lcd.h estimated size: 572

C:\Program Files\Microchip\xc8\v2.32\pic\sources\c99\common\nf_fputs.c
		_fputs         		CODE           	1782	0000	68

C:\Program Files\Microchip\xc8\v2.32\pic\sources\c99\common\nf_fputs.c estimated size: 68

C:\Program Files\Microchip\xc8\v2.32\pic\sources\c99\common\putch.c
		_putch         		CODE           	1924	0000	2

C:\Program Files\Microchip\xc8\v2.32\pic\sources\c99\common\putch.c estimated size: 2

C:\Program Files\Microchip\xc8\v2.32\pic\sources\c99\common\lodiv.c
		___lodiv       		CODE           	0DD0	0000	240

C:\Program Files\Microchip\xc8\v2.32\pic\sources\c99\common\lodiv.c estimated size: 240

shared
		i2_Lcd_Write_Char		CODE           	1882	0000	56
		i2_Lcd_Port    		CODE           	1686	0000	92
		i2_Lcd_Cmd     		CODE           	18E0	0000	32
		__initialization		CODE           	1628	0000	80
		i2_Lcd_Set_Cursor		CODE           	14A0	0000	102
		i2_Lcd_Write_String		CODE           	133C	0000	126

shared estimated size: 488

C:\Program Files\Microchip\xc8\v2.32\pic\sources\c99\common\nf_fputc.c
		_fputc         		CODE           	1076	0000	202

C:\Program Files\Microchip\xc8\v2.32\pic\sources\c99\common\nf_fputc.c estimated size: 202

main.c
		_setup_tmr0    		CODE           	17C6	0000	64
		_main          		CODE           	1806	0000	62
		_setup_interruptions		CODE           	191A	0000	6
		_disp_cronometro		CODE           	0EC0	0000	230
		_timer         		CODE           	0008	0000	188
		_cronometro    		CODE           	15C8	0000	96

main.c estimated size: 646

C:\Program Files\Microchip\xc8\v2.32\pic\sources\c99\common\strlen.c
		_strlen        		CODE           	1734	0000	78

C:\Program Files\Microchip\xc8\v2.32\pic\sources\c99\common\strlen.c estimated size: 78

