Microchip MPLAB XC8 Compiler V2.32

Linker command line:

-W-3 --edf=C:\Program Files\Microchip\xc8\v2.32\pic\dat\en_msgs.txt -cn \
  -h+dist/default/production\atividade_03.production.sym \
  --cmf=dist/default/production\atividade_03.production.cmf -z -Q18F4550 \
  -oC:\Users\joelv\AppData\Local\Temp\xcAs7n8.4 --defsym=__MPLAB_BUILD=1 \
  -Mdist/default/production/atividade_03.production.map -E1 \
  -ver=XC8 Compiler --acfsm=1493 -ASTACK=015Dh-07FFh -pstack=STACK \
  -ACODE=00h-07FFFh -ACONST=00h-07FFFh -ASMALLCONST=0800h-08FFhx120 \
  -AMEDIUMCONST=0800h-07FFFh -ACOMRAM=01h-05Fh -AABS1=00h-07FFh \
  -ABIGRAM=01h-07FFh -ARAM=060h-0FFh,0100h-01FFhx7 -ABANK0=060h-0FFh \
  -ABANK1=0100h-01FFh -ABANK2=0200h-02FFh -ABANK3=0300h-03FFh \
  -ABANK4=0400h-04FFh -ABANK5=0500h-05FFh -ABANK6=0600h-06FFh \
  -ABANK7=0700h-07FFh -ASFR=0F60h-0FFFh -ACONFIG=0300000h-030000Dh \
  -AIDLOC=0200000h-0200007h -AEEDATA=0F00000h-0F000FFh -peeprom_data=EEDATA \
  -preset_vec=00h,intcode=08h,intcodelo,powerup,init -pramtop=0800h \
  -psmallconst=SMALLCONST -pmediumconst=MEDIUMCONST -pconst=CONST \
  -AFARRAM=00h-00h \
  -prdata=COMRAM,nvrram=COMRAM,nvbit=COMRAM,rbss=COMRAM,rbit=COMRAM \
  -pfarbss=FARRAM,fardata=FARRAM,nvFARRAM=FARRAM \
  -pintsave_regs=BIGRAM,bigbss=BIGRAM,bigdata=BIGRAM -pbss=RAM \
  -pidata=CODE,irdata=CODE,ibigdata=CODE,ifardata=CODE -prparam=COMRAM \
  C:\Users\joelv\AppData\Local\Temp\xcAs7n8.o \
  dist/default/production\atividade_03.production.o 

Object code version is 3.11

Machine type is 18F4550



                Name                               Link     Load   Length Selector   Space Scale
C:\Users\joelv\AppData\Local\Temp\xcAs7n8.o
                idloc                            200000   200000        8        0       5
                config                           300000   300000        E        0       4
                init                                  E        E        4        4       0
                reset_vec                             0        0        4        0       0
dist/default/production\atividade_03.production.o
                intcode                               8        8        6        4       0
                idloc                            200000   200000        8        0       5
                config                           300000   300000        E        0       4
                temp                                 58       58        1        1       1
                smallconst                          800      800       26      400       0
                text42                             202C     202C       5C      413       0
                text41                             2320     2320       18      413       0
                text40                             1D86     1D86       66      413       0
                text39                             22D4     22D4       30      413       0
                text38                             1C34     1C34       7E      413       0
                text37                             1F70     1F70       60      413       0
                text36                             236C     236C        2     11B5       0
                text35                             1992     1992       CA      413       0
                text34                             217E     217E       4E      413       0
                text33                             11F0     11F0      19C      413       0
                text32                             147E     147E       F0      413       0
                text31                             172C     172C       D0      413       0
                text30                             225A     225A       44      413       0
                text29                             1A5C     1A5C       C6      413       0
                text28                              E48      E48      204      413       0
                text27                              A36      A36      20C      413       0
                text26                             1E4E     1E4E       62      413       0
                text25                             212C     212C       52      413       0
                intcode_body                       1B22     1B22       8E      413       0
                text23                             1F10     1F10       60      413       0
                text22                             2304     2304       1C      413       0
                text21                             234C     234C        E      413       0
                text20                             1D20     1D20       66      413       0
                text19                             1CB2     1CB2       6E      413       0
                text18                             229E     229E       36      413       0
                text17                             1BB0     1BB0       84      413       0
                text16                             1EB0     1EB0       60      413       0
                text15                             236A     236A        2     11B5       0
                text14                             17FC     17FC       CC      413       0
                text13                             20DA     20DA       52      413       0
                text12                             104C     104C      1A4      413       0
                text11                             138C     138C       F2      413       0
                text10                             165A     165A       D2      413       0
                text9                              21CC     21CC       48      413       0
                text8                              18C8     18C8       CA      413       0
                text7                               C42      C42      206      413       0
                text6                               826      826      210      413       0
                text5                              1DEC     1DEC       62      413       0
                text4                              2088     2088       52      413       0
                text3                              156E     156E       EC      413       0
                text2                              235A     235A        8      413       0
                text1                              2338     2338       14      413       0
                text0                              1FD0     1FD0       5C      413       0
                cstackCOMRAM                          1        1       57        1       1
                cstackBANK0                          60       60       6B       60       1
                cstackBANK1                         13E      13E       1F      100       1
                bssBANK1                            100      100       3E      100       1
                dataBANK0                            DF       DF        7       60       1
                bssBANK0                             CB       CB       14       60       1
                cinit                              2214     2214       46      413       0
                idataBANK0                         2362     2362        7      413       0

TOTAL           Name                               Link     Load   Length     Space
        CLASS   STACK          

        CLASS   CODE           
                intcode                               8        8        6         0
                init                                  E        E        4         0
                reset_vec                             0        0        4         0
                text42                             202C     202C       5C         0
                text41                             2320     2320       18         0
                text40                             1D86     1D86       66         0
                text39                             22D4     22D4       30         0
                text38                             1C34     1C34       7E         0
                text37                             1F70     1F70       60         0
                text36                             236C     236C        2         0
                text35                             1992     1992       CA         0
                text34                             217E     217E       4E         0
                text33                             11F0     11F0      19C         0
                text32                             147E     147E       F0         0
                text31                             172C     172C       D0         0
                text30                             225A     225A       44         0
                text29                             1A5C     1A5C       C6         0
                text28                              E48      E48      204         0
                text27                              A36      A36      20C         0
                text26                             1E4E     1E4E       62         0
                text25                             212C     212C       52         0
                intcode_body                       1B22     1B22       8E         0
                text23                             1F10     1F10       60         0
                text22                             2304     2304       1C         0
                text21                             234C     234C        E         0
                text20                             1D20     1D20       66         0
                text19                             1CB2     1CB2       6E         0
                text18                             229E     229E       36         0
                text17                             1BB0     1BB0       84         0
                text16                             1EB0     1EB0       60         0
                text15                             236A     236A        2         0
                text14                             17FC     17FC       CC         0
                text13                             20DA     20DA       52         0
                text12                             104C     104C      1A4         0
                text11                             138C     138C       F2         0
                text10                             165A     165A       D2         0
                text9                              21CC     21CC       48         0
                text8                              18C8     18C8       CA         0
                text7                               C42      C42      206         0
                text6                               826      826      210         0
                text5                              1DEC     1DEC       62         0
                text4                              2088     2088       52         0
                text3                              156E     156E       EC         0
                text2                              235A     235A        8         0
                text1                              2338     2338       14         0
                text0                              1FD0     1FD0       5C         0
                cinit                              2214     2214       46         0
                idataBANK0                         2362     2362        7         0

        CLASS   CONST          

        CLASS   SMALLCONST     
                smallconst                          800      800       26         0

        CLASS   MEDIUMCONST    

        CLASS   COMRAM         
                temp                                 58       58        1         1
                cstackCOMRAM                          1        1       57         1

        CLASS   ABS1           

        CLASS   BIGRAM         

        CLASS   RAM            

        CLASS   BANK0          
                cstackBANK0                          60       60       6B         1
                dataBANK0                            DF       DF        7         1
                bssBANK0                             CB       CB       14         1

        CLASS   BANK1          
                cstackBANK1                         13E      13E       1F         1
                bssBANK1                            100      100       3E         1

        CLASS   BANK2          

        CLASS   BANK3          

        CLASS   BANK4          

        CLASS   BANK5          

        CLASS   BANK6          

        CLASS   BANK7          

        CLASS   SFR            

        CLASS   CONFIG         
                config                           300000   300000        E         4

        CLASS   IDLOC          
                idloc                            200000   200000        8         5

        CLASS   EEDATA         

        CLASS   FARRAM         



SEGMENTS        Name                           Load    Length   Top    Selector   Space  Class

                reset_vec                      000000  000004  000004         0       0  CODE    
                cstackCOMRAM                   000001  000058  000059         1       1  COMRAM  
                intcode                        000008  00000A  000012         4       0  CODE    
                cstackBANK0                    000060  000086  0000E6        60       1  BANK0   
                bssBANK1                       000100  00005D  00015D       100       1  BANK1   
                smallconst                     000800  000026  000826       400       0  SMALLCON
                text6                          000826  001B43  002369       413       0  CODE    
                text15                         00236A  000004  00236E      11B5       0  CODE    


UNUSED ADDRESS RANGES

        Name                Unused          Largest block    Delta
        BANK0            0000E6-0000FF               1A
        BANK1            00015D-0001FF               A3
        BANK2            000200-0002FF              100
        BANK3            000300-0003FF              100
        BANK4            000400-0004FF              100
        BANK5            000500-0005FF              100
        BANK6            000600-0006FF              100
        BANK7            000700-0007FF              100
        BIGRAM           000059-00005F                7
                         0000E6-0000FF               1A
                         00015D-0007FF              6A3
        CODE             000004-000007                4
                         000012-0007FF              7EE
                         002369-002369                1
                         00236E-007FFF             5C92
        COMRAM           000059-00005F                7
        CONST            000004-000007                4
                         000012-0007FF              7EE
                         002369-002369                1
                         00236E-007FFF             5C92
        EEDATA           F00000-F000FF              100
        MEDIUMCONST      002369-002369                1
                         00236E-007FFF             5C92
        RAM              0000E6-0000FF               1A
                         00015D-0007FF              100
        SFR              000F60-000FFF               A0
        SMALLCONST       002369-002369                1
                         00236E-007FFF              100
        STACK            00015D-0007FF              6A3

                                  Symbol Table

?___lodiv                     cstackBANK0  00007A
?___lomod                     cstackBANK0  00007A
?_pad                         cstackBANK0  00008A
?_sprintf                     cstackBANK1  000144
?_stoa                        cstackBANK0  000083
?_strlen                      cstackBANK0  00007A
?_utoa                        cstackBANK0  000095
?_vfpfcnvrt                   cstackBANK0  0000B5
?_vfprintf                    cstackBANK1  00013E
?i2___lodiv                   cstackCOMRAM 000001
?i2___lomod                   cstackCOMRAM 000001
?i2_pad                       cstackCOMRAM 000011
?i2_sprintf                   cstackBANK0  000060
?i2_stoa                      cstackCOMRAM 00000A
?i2_strlen                    cstackCOMRAM 000001
?i2_utoa                      cstackCOMRAM 00001C
?i2_vfpfcnvrt                 cstackCOMRAM 00003C
?i2_vfprintf                  cstackCOMRAM 000050
Lcd_Cmd@a                     cstackBANK0  00007B
Lcd_Port@a                    cstackBANK0  00007A
Lcd_Set_Cursor@a              cstackBANK0  00007D
Lcd_Set_Cursor@b              cstackBANK0  00007C
Lcd_Set_Cursor@temp           cstackBANK0  000080
Lcd_Set_Cursor@y              cstackBANK0  00007F
Lcd_Set_Cursor@z              cstackBANK0  00007E
Lcd_Write_Char@a              cstackBANK0  00007D
Lcd_Write_Char@temp           cstackBANK0  00007B
Lcd_Write_Char@y              cstackBANK0  00007C
Lcd_Write_String@a            cstackBANK0  00007E
Lcd_Write_String@i            cstackBANK0  000082
_BAUDCON                      (abs)        000FB8
_BRGH                         (abs)        007D62
_CREN                         (abs)        007D5C
_GIE                          (abs)        007F97
_LATD4                        (abs)        007C64
_LATD5                        (abs)        007C65
_LATD6                        (abs)        007C66
_LATD7                        (abs)        007C67
_LATE0                        (abs)        007C68
_LATE1                        (abs)        007C69
_Lcd_Clear                    text21       00234C
_Lcd_Cmd                      text22       002304
_Lcd_Init                     text20       001D20
_Lcd_Port                     text23       001F10
_Lcd_Set_Cursor               text19       001CB2
_Lcd_Write_Char               text18       00229E
_Lcd_Write_String             text17       001BB0
_OSCCON                       (abs)        000FD3
_PEIE                         (abs)        007F96
_RCIE                         (abs)        007CED
_RS232                        intcode      000008
_SPBRG                        (abs)        000FAF
_SPEN                         (abs)        007D5F
_SYNC                         (abs)        007D64
_TRISCbits                    (abs)        000F94
_TRISD                        (abs)        000F95
_TRISE                        (abs)        000F96
_TXEN                         (abs)        007D65
_TXIF                         (abs)        007CF4
_TXREG                        (abs)        000FAD
__HRAM                        (abs)        000000
__Habs1                       abs1         000000
__Hbank0                      bank0        000000
__Hbank1                      bank1        000000
__Hbank2                      bank2        000000
__Hbank3                      bank3        000000
__Hbank4                      bank4        000000
__Hbank5                      bank5        000000
__Hbank6                      bank6        000000
__Hbank7                      bank7        000000
__Hbigbss                     bigbss       000000
__Hbigdata                    bigdata      000000
__Hbigram                     bigram       000000
__Hbss                        bss          000000
__HbssBANK0                   bssBANK0     000000
__HbssBANK1                   bssBANK1     000000
__Hcinit                      cinit        000000
__Hclrtext                    clrtext      000000
__Hcomram                     comram       000000
__Hconfig                     config       30000E
__Hconst                      const        000000
__HcstackBANK0                cstackBANK0  000000
__HcstackBANK1                cstackBANK1  000000
__HcstackCOMRAM               cstackCOMRAM 000000
__Hdata                       data         000000
__HdataBANK0                  dataBANK0    000000
__Heeprom_data                eeprom_data  000000
__Hfarbss                     farbss       000000
__Hfardata                    fardata      000000
__Hibigdata                   ibigdata     000000
__Hidata                      idata        000000
__HidataBANK0                 idataBANK0   000000
__Hidloc                      idloc        200008
__Hifardata                   ifardata     000000
__Hinit                       init         000012
__Hintcode                    intcode      00000E
__Hintcode_body               intcode_body 000000
__Hintcodelo                  intcodelo    00000E
__Hintentry                   intentry     000000
__Hintret                     intret       000000
__Hintsave_regs               intsave_regs 000000
__Hirdata                     irdata       000000
__Hmediumconst                mediumconst  000000
__HnvFARRAM                   nvFARRAM     000000
__Hnvbit                      nvbit        000000
__Hnvrram                     nvrram       000000
__Hparam                      rparam       000000
__Hpowerup                    powerup      00000E
__Hram                        ram          000000
__Hramtop                     ramtop       000800
__Hrbit                       rbit         000000
__Hrbss                       rbss         000000
__Hrdata                      rdata        000000
__Hreset_vec                  reset_vec    000004
__Hrparam                     rparam       000000
__Hsfr                        sfr          000000
__Hsmallconst                 smallconst   000826
__Hspace_0                    (abs)        00236E
__Hspace_1                    (abs)        00015D
__Hspace_2                    (abs)        000000
__Hspace_4                    (abs)        60000E
__Hstack                      stack        000000
__Hstruct                     struct       000000
__Htemp                       temp         000059
__Htext                       text         000000
__Htext0                      text0        000000
__Htext1                      text1        000000
__Htext10                     text10       000000
__Htext11                     text11       000000
__Htext12                     text12       000000
__Htext13                     text13       000000
__Htext14                     text14       000000
__Htext15                     text15       000000
__Htext16                     text16       000000
__Htext17                     text17       000000
__Htext18                     text18       000000
__Htext19                     text19       000000
__Htext2                      text2        000000
__Htext20                     text20       000000
__Htext21                     text21       000000
__Htext22                     text22       000000
__Htext23                     text23       000000
__Htext25                     text25       000000
__Htext26                     text26       000000
__Htext27                     text27       000000
__Htext28                     text28       000000
__Htext29                     text29       000000
__Htext3                      text3        000000
__Htext30                     text30       000000
__Htext31                     text31       000000
__Htext32                     text32       000000
__Htext33                     text33       000000
__Htext34                     text34       000000
__Htext35                     text35       000000
__Htext36                     text36       000000
__Htext37                     text37       000000
__Htext38                     text38       000000
__Htext39                     text39       000000
__Htext4                      text4        000000
__Htext40                     text40       000000
__Htext41                     text41       000000
__Htext42                     text42       000000
__Htext5                      text5        000000
__Htext6                      text6        000000
__Htext7                      text7        000000
__Htext8                      text8        000000
__Htext9                      text9        000000
__LRAM                        (abs)        000001
__Labs1                       abs1         000000
__Lbank0                      bank0        000000
__Lbank1                      bank1        000000
__Lbank2                      bank2        000000
__Lbank3                      bank3        000000
__Lbank4                      bank4        000000
__Lbank5                      bank5        000000
__Lbank6                      bank6        000000
__Lbank7                      bank7        000000
__Lbigbss                     bigbss       000000
__Lbigdata                    bigdata      000000
__Lbigram                     bigram       000000
__Lbss                        bss          000000
__LbssBANK0                   bssBANK0     000000
__LbssBANK1                   bssBANK1     000000
__Lcinit                      cinit        000000
__Lclrtext                    clrtext      000000
__Lcomram                     comram       000000
__Lconfig                     config       000000
__Lconst                      const        000000
__LcstackBANK0                cstackBANK0  000000
__LcstackBANK1                cstackBANK1  000000
__LcstackCOMRAM               cstackCOMRAM 000000
__Ldata                       data         000000
__LdataBANK0                  dataBANK0    000000
__Leeprom_data                eeprom_data  000000
__Lfarbss                     farbss       000000
__Lfardata                    fardata      000000
__Libigdata                   ibigdata     000000
__Lidata                      idata        000000
__LidataBANK0                 idataBANK0   000000
__Lidloc                      idloc        000000
__Lifardata                   ifardata     000000
__Linit                       init         00000E
__Lintcode                    intcode      000008
__Lintcode_body               intcode_body 000000
__Lintcodelo                  intcodelo    00000E
__Lintentry                   intentry     000000
__Lintret                     intret       000000
__Lintsave_regs               intsave_regs 000000
__Lirdata                     irdata       000000
__Lmediumconst                mediumconst  000000
__LnvFARRAM                   nvFARRAM     000000
__Lnvbit                      nvbit        000000
__Lnvrram                     nvrram       000000
__Lparam                      rparam       000000
__Lpowerup                    powerup      00000E
__Lram                        ram          000000
__Lramtop                     ramtop       000800
__Lrbit                       rbit         000000
__Lrbss                       rbss         000000
__Lrdata                      rdata        000000
__Lreset_vec                  reset_vec    000000
__Lrparam                     rparam       000000
__Lsfr                        sfr          000000
__Lsmallconst                 smallconst   000800
__Lspace_0                    (abs)        000000
__Lspace_1                    (abs)        000000
__Lspace_2                    (abs)        000000
__Lspace_4                    (abs)        000000
__Lstack                      stack        000000
__Lstruct                     struct       000000
__Ltemp                       temp         000058
__Ltext                       text         000000
__Ltext0                      text0        000000
__Ltext1                      text1        000000
__Ltext10                     text10       000000
__Ltext11                     text11       000000
__Ltext12                     text12       000000
__Ltext13                     text13       000000
__Ltext14                     text14       000000
__Ltext15                     text15       000000
__Ltext16                     text16       000000
__Ltext17                     text17       000000
__Ltext18                     text18       000000
__Ltext19                     text19       000000
__Ltext2                      text2        000000
__Ltext20                     text20       000000
__Ltext21                     text21       000000
__Ltext22                     text22       000000
__Ltext23                     text23       000000
__Ltext25                     text25       000000
__Ltext26                     text26       000000
__Ltext27                     text27       000000
__Ltext28                     text28       000000
__Ltext29                     text29       000000
__Ltext3                      text3        000000
__Ltext30                     text30       000000
__Ltext31                     text31       000000
__Ltext32                     text32       000000
__Ltext33                     text33       000000
__Ltext34                     text34       000000
__Ltext35                     text35       000000
__Ltext36                     text36       000000
__Ltext37                     text37       000000
__Ltext38                     text38       000000
__Ltext39                     text39       000000
__Ltext4                      text4        000000
__Ltext40                     text40       000000
__Ltext41                     text41       000000
__Ltext42                     text42       000000
__Ltext5                      text5        000000
__Ltext6                      text6        000000
__Ltext7                      text7        000000
__Ltext8                      text8        000000
__Ltext9                      text9        000000
__S0                          (abs)        00236E
__S1                          (abs)        00015D
__S2                          (abs)        000000
__S4                          (abs)        000000
__S5                          (abs)        000000
___inthi_sp                   stack        000000
___intlo_sp                   stack        000000
___lodiv                      text11       00138C
___lodiv@counter              cstackBANK0  000092
___lodiv@dividend             cstackBANK0  00007A
___lodiv@divisor              cstackBANK0  000082
___lodiv@quotient             cstackBANK0  00008A
___lomod                      text10       00165A
___lomod@counter              cstackBANK0  00008A
___lomod@dividend             cstackBANK0  00007A
___lomod@divisor              cstackBANK0  000082
___param_bank                 (abs)        000000
___rparam_used                (abs)        000001
___sp                         stack        000000
__accesstop                   (abs)        000060
__activetblptr                (abs)        000002
__end_of_Lcd_Clear            text21       00235A
__end_of_Lcd_Cmd              text22       002320
__end_of_Lcd_Init             text20       001D86
__end_of_Lcd_Port             text23       001F70
__end_of_Lcd_Set_Cursor       text19       001D20
__end_of_Lcd_Write_Char       text18       0022D4
__end_of_Lcd_Write_String     text17       001C34
__end_of_RS232                intcode_body 001BB0
__end_of___lodiv              text11       00147E
__end_of___lomod              text10       00172C
__end_of__initialization      cinit        00224C
__end_of_cronometro           text16       001F10
__end_of_disp_cronometro      text3        00165A
__end_of_fputc                text14       0018C8
__end_of_fputs                text9        002214
__end_of_main                 text0        00202C
__end_of_pad                  text8        001992
__end_of_putch                text15       00236C
__end_of_setup_Interruptions  text2        002362
__end_of_setup_RS232          text1        00234C
__end_of_sprintf              text4        0020DA
__end_of_stoa                 text12       0011F0
__end_of_strlen               text13       00212C
__end_of_utoa                 text7        000E48
__end_of_vfpfcnvrt            text6        000A36
__end_of_vfprintf             text5        001E4E
__end_ofi2_Lcd_Cmd            text41       002338
__end_ofi2_Lcd_Port           text42       002088
__end_ofi2_Lcd_Set_Cursor     text40       001DEC
__end_ofi2_Lcd_Write_Char     text39       002304
__end_ofi2_Lcd_Write_String   text38       001CB2
__end_ofi2___lodiv            text32       00156E
__end_ofi2___lomod            text31       0017FC
__end_ofi2_cronometro         text37       001FD0
__end_ofi2_fputc              text35       001A5C
__end_ofi2_fputs              text30       00229E
__end_ofi2_pad                text29       001B22
__end_ofi2_putch              text36       00236E
__end_ofi2_sprintf            text25       00217E
__end_ofi2_stoa               text33       00138C
__end_ofi2_strlen             text34       0021CC
__end_ofi2_utoa               text28       00104C
__end_ofi2_vfpfcnvrt          text27       000C42
__end_ofi2_vfprintf           text26       001EB0
__initialization              cinit        002214
__mediumconst                 mediumconst  000000
__pbssBANK0                   bssBANK0     0000CB
__pbssBANK1                   bssBANK1     000100
__pcinit                      cinit        002214
__pcstackBANK0                cstackBANK0  000060
__pcstackBANK1                cstackBANK1  00013E
__pcstackCOMRAM               cstackCOMRAM 000001
__pdataBANK0                  dataBANK0    0000DF
__pidataBANK0                 idataBANK0   002362
__pintcode                    intcode      000008
__pintcode_body               intcode_body 001B22
__psmallconst                 smallconst   000800
__ptext0                      text0        001FD0
__ptext1                      text1        002338
__ptext10                     text10       00165A
__ptext11                     text11       00138C
__ptext12                     text12       00104C
__ptext13                     text13       0020DA
__ptext14                     text14       0017FC
__ptext15                     text15       00236A
__ptext16                     text16       001EB0
__ptext17                     text17       001BB0
__ptext18                     text18       00229E
__ptext19                     text19       001CB2
__ptext2                      text2        00235A
__ptext20                     text20       001D20
__ptext21                     text21       00234C
__ptext22                     text22       002304
__ptext23                     text23       001F10
__ptext25                     text25       00212C
__ptext26                     text26       001E4E
__ptext27                     text27       000A36
__ptext28                     text28       000E48
__ptext29                     text29       001A5C
__ptext3                      text3        00156E
__ptext30                     text30       00225A
__ptext31                     text31       00172C
__ptext32                     text32       00147E
__ptext33                     text33       0011F0
__ptext34                     text34       00217E
__ptext35                     text35       001992
__ptext36                     text36       00236C
__ptext37                     text37       001F70
__ptext38                     text38       001C34
__ptext39                     text39       0022D4
__ptext4                      text4        002088
__ptext40                     text40       001D86
__ptext41                     text41       002320
__ptext42                     text42       00202C
__ptext5                      text5        001DEC
__ptext6                      text6        000826
__ptext7                      text7        000C42
__ptext8                      text8        0018C8
__ptext9                      text9        0021CC
__ramtop                      ramtop       000800
__size_of_Lcd_Clear           (abs)        000000
__size_of_Lcd_Cmd             (abs)        000000
__size_of_Lcd_Init            (abs)        000000
__size_of_Lcd_Port            (abs)        000000
__size_of_Lcd_Set_Cursor      (abs)        000000
__size_of_Lcd_Write_Char      (abs)        000000
__size_of_Lcd_Write_String    (abs)        000000
__size_of_RS232               (abs)        000000
__size_of___lodiv             (abs)        000000
__size_of___lomod             (abs)        000000
__size_of_cronometro          (abs)        000000
__size_of_disp_cronometro     (abs)        000000
__size_of_fputc               (abs)        000000
__size_of_fputs               (abs)        000000
__size_of_main                (abs)        000000
__size_of_pad                 (abs)        000000
__size_of_putch               (abs)        000000
__size_of_setup_Interruptions (abs)        000000
__size_of_setup_RS232         (abs)        000000
__size_of_sprintf             (abs)        000000
__size_of_stoa                (abs)        000000
__size_of_strlen              (abs)        000000
__size_of_utoa                (abs)        000000
__size_of_vfpfcnvrt           (abs)        000000
__size_of_vfprintf            (abs)        000000
__size_ofi2_Lcd_Cmd           (abs)        000000
__size_ofi2_Lcd_Port          (abs)        000000
__size_ofi2_Lcd_Set_Cursor    (abs)        000000
__size_ofi2_Lcd_Write_Char    (abs)        000000
__size_ofi2_Lcd_Write_String  (abs)        000000
__size_ofi2___lodiv           (abs)        000000
__size_ofi2___lomod           (abs)        000000
__size_ofi2_cronometro        (abs)        000000
__size_ofi2_fputc             (abs)        000000
__size_ofi2_fputs             (abs)        000000
__size_ofi2_pad               (abs)        000000
__size_ofi2_putch             (abs)        000000
__size_ofi2_sprintf           (abs)        000000
__size_ofi2_stoa              (abs)        000000
__size_ofi2_strlen            (abs)        000000
__size_ofi2_utoa              (abs)        000000
__size_ofi2_vfpfcnvrt         (abs)        000000
__size_ofi2_vfprintf          (abs)        000000
__smallconst                  smallconst   000800
_cronometro                   text16       001EB0
_dbuf                         bssBANK1     000100
_disp_cronometro              text3        00156E
_flags                        bssBANK0     0000D1
_fputc                        text14       0017FC
_fputs                        text9        0021CC
_h                            bssBANK0     0000DD
_h0                           bssBANK0     0000D7
_m                            bssBANK0     0000DB
_m0                           bssBANK0     0000D5
_main                         text0        001FD0
_nout                         bssBANK0     0000CB
_pad                          text8        0018C8
_prec                         bssBANK0     0000CF
_putch                        text15       00236A
_s                            bssBANK0     0000D9
_s0                           bssBANK0     0000D3
_setup_Interruptions          text2        00235A
_setup_RS232                  text1        002338
_sprintf                      text4        002088
_stoa                         text12       00104C
_strlen                       text13       0020DA
_tx_string                    bssBANK1     000120
_utoa                         text7        000C42
_vfpfcnvrt                    text6        000826
_vfprintf                     text5        001DEC
_width                        bssBANK0     0000CD
btemp                         temp         000058
end_of_initialization         cinit        00224C
fputc@c                       cstackBANK0  00007A
fputc@fp                      cstackBANK0  00007C
fputs@c                       cstackBANK0  000087
fputs@fp                      cstackBANK0  000085
fputs@i                       cstackBANK0  000088
fputs@s                       cstackBANK0  000083
i2Lcd_Cmd@a                   cstackCOMRAM 000002
i2Lcd_Port@a                  cstackCOMRAM 000001
i2Lcd_Set_Cursor@a            cstackCOMRAM 000004
i2Lcd_Set_Cursor@b            cstackCOMRAM 000003
i2Lcd_Set_Cursor@temp         cstackCOMRAM 000007
i2Lcd_Set_Cursor@y            cstackCOMRAM 000006
i2Lcd_Set_Cursor@z            cstackCOMRAM 000005
i2Lcd_Write_Char@a            cstackCOMRAM 000004
i2Lcd_Write_Char@temp         cstackCOMRAM 000002
i2Lcd_Write_Char@y            cstackCOMRAM 000003
i2Lcd_Write_String@a          cstackCOMRAM 000005
i2Lcd_Write_String@i          cstackCOMRAM 000009
i2_Lcd_Cmd                    text41       002320
i2_Lcd_Port                   text42       00202C
i2_Lcd_Set_Cursor             text40       001D86
i2_Lcd_Write_Char             text39       0022D4
i2_Lcd_Write_String           text38       001C34
i2___lodiv                    text32       00147E
i2___lodiv@counter            cstackCOMRAM 000019
i2___lodiv@dividend           cstackCOMRAM 000001
i2___lodiv@divisor            cstackCOMRAM 000009
i2___lodiv@quotient           cstackCOMRAM 000011
i2___lomod                    text31       00172C
i2___lomod@counter            cstackCOMRAM 000011
i2___lomod@dividend           cstackCOMRAM 000001
i2___lomod@divisor            cstackCOMRAM 000009
i2_cronometro                 text37       001F70
i2_fputc                      text35       001992
i2_fputs                      text30       00225A
i2_pad                        text29       001A5C
i2_putch                      text36       00236C
i2_sprintf                    text25       00212C
i2_stoa                       text33       0011F0
i2_strlen                     text34       00217E
i2_utoa                       text28       000E48
i2_vfpfcnvrt                  text27       000A36
i2_vfprintf                   text26       001E4E
i2fputc@c                     cstackCOMRAM 000001
i2fputc@fp                    cstackCOMRAM 000003
i2fputs@c                     cstackCOMRAM 00000E
i2fputs@fp                    cstackCOMRAM 00000C
i2fputs@i                     cstackCOMRAM 00000F
i2fputs@s                     cstackCOMRAM 00000A
i2pad@buf                     cstackCOMRAM 000013
i2pad@fp                      cstackCOMRAM 000011
i2pad@i                       cstackCOMRAM 000018
i2pad@p                       cstackCOMRAM 000015
i2pad@w                       cstackCOMRAM 00001A
i2sprintf@ap                  cstackBANK0  00006A
i2sprintf@f                   cstackBANK0  00006C
i2sprintf@fmt                 cstackBANK0  000062
i2sprintf@s                   cstackBANK0  000060
i2stoa@cp                     cstackCOMRAM 00001A
i2stoa@fp                     cstackCOMRAM 00000A
i2stoa@i                      cstackCOMRAM 000016
i2stoa@l                      cstackCOMRAM 00001E
i2stoa@nuls                   cstackCOMRAM 00000F
i2stoa@p                      cstackCOMRAM 00001C
i2stoa@s                      cstackCOMRAM 00000C
i2stoa@w                      cstackCOMRAM 000018
i2strlen@a                    cstackCOMRAM 000003
i2strlen@s                    cstackCOMRAM 000001
i2utoa@d                      cstackCOMRAM 00001E
i2utoa@fp                     cstackCOMRAM 00001C
i2utoa@i                      cstackCOMRAM 00003A
i2utoa@n                      cstackCOMRAM 000032
i2utoa@p                      cstackCOMRAM 00002E
i2utoa@w                      cstackCOMRAM 000030
i2vfpfcnvrt@ap                cstackCOMRAM 000040
i2vfpfcnvrt@cp                cstackCOMRAM 00004E
i2vfpfcnvrt@fmt               cstackCOMRAM 00003E
i2vfpfcnvrt@fp                cstackCOMRAM 00003C
i2vfpfcnvrt@llu               cstackCOMRAM 000046
i2vfprintf@ap                 cstackCOMRAM 000054
i2vfprintf@cfmt               cstackCOMRAM 000056
i2vfprintf@fmt                cstackCOMRAM 000052
i2vfprintf@fp                 cstackCOMRAM 000050
int$flags                     temp         000058
int_func                      intcode_body 001B22
intlevel0                     text         000000
intlevel1                     text         000000
intlevel2                     text         000000
intlevel3                     text         000000
isa$std                       (abs)        000001
isa$xinst                     (abs)        000000
pad@buf                       cstackBANK0  00008C
pad@fp                        cstackBANK0  00008A
pad@i                         cstackBANK0  000091
pad@p                         cstackBANK0  00008E
pad@w                         cstackBANK0  000093
sprintf@ap                    cstackBANK1  000154
sprintf@f                     cstackBANK1  000156
sprintf@fmt                   cstackBANK1  000146
sprintf@s                     cstackBANK1  000144
stackhi                       (abs)        0007FF
stacklo                       (abs)        00015D
start                         init         00000E
start_initialization          cinit        002214
stoa@F1133                    dataBANK0    0000DF
stoa@cp                       cstackBANK0  000093
stoa@fp                       cstackBANK0  000083
stoa@i                        cstackBANK0  00008F
stoa@l                        cstackBANK0  000097
stoa@nuls                     cstackBANK0  000088
stoa@p                        cstackBANK0  000095
stoa@s                        cstackBANK0  000085
stoa@w                        cstackBANK0  000091
strlen@a                      cstackBANK0  00007C
strlen@s                      cstackBANK0  00007A
ttemp5                        temp         000059
ttemp6                        temp         00005C
ttemp7                        temp         000060
utoa@d                        cstackBANK0  000097
utoa@fp                       cstackBANK0  000095
utoa@i                        cstackBANK0  0000B3
utoa@n                        cstackBANK0  0000AB
utoa@p                        cstackBANK0  0000A7
utoa@w                        cstackBANK0  0000A9
vfpfcnvrt@ap                  cstackBANK0  0000B9
vfpfcnvrt@cp                  cstackBANK0  0000C7
vfpfcnvrt@fmt                 cstackBANK0  0000B7
vfpfcnvrt@fp                  cstackBANK0  0000B5
vfpfcnvrt@llu                 cstackBANK0  0000BF
vfprintf@ap                   cstackBANK1  000142
vfprintf@cfmt                 cstackBANK0  0000C9
vfprintf@fmt                  cstackBANK1  000140
vfprintf@fp                   cstackBANK1  00013E
wtemp8                        temp         000059


MODULE INFORMATION

Module		Function		Class		Link	Load	Size
C:\Program Files\Microchip\xc8\v2.32\pic\sources\c99\common\nf_sprintf.c
		_sprintf       		CODE           	2088	0000	82

C:\Program Files\Microchip\xc8\v2.32\pic\sources\c99\common\nf_sprintf.c estimated size: 82

C:\Program Files\Microchip\xc8\v2.32\pic\sources\c99\common\doprnt.c
		_vfpfcnvrt     		CODE           	0826	0000	528
		_pad           		CODE           	18C8	0000	202
		_vfprintf      		CODE           	1DEC	0000	98
		_stoa          		CODE           	104C	0000	420
		_utoa          		CODE           	0C42	0000	518

C:\Program Files\Microchip\xc8\v2.32\pic\sources\c99\common\doprnt.c estimated size: 1766

C:\Program Files\Microchip\xc8\v2.32\pic\sources\c99\common\lomod.c
		___lomod       		CODE           	165A	0000	210

C:\Program Files\Microchip\xc8\v2.32\pic\sources\c99\common\lomod.c estimated size: 210

./lcd.h
		_Lcd_Write_String		CODE           	1BB0	0000	132
		_Lcd_Init      		CODE           	1D20	0000	102
		_Lcd_Write_Char		CODE           	229E	0000	54
		_Lcd_Cmd       		CODE           	2304	0000	28
		_Lcd_Set_Cursor		CODE           	1CB2	0000	110
		_Lcd_Clear     		CODE           	234C	0000	14
		_Lcd_Port      		CODE           	1F10	0000	96

./lcd.h estimated size: 536

C:\Program Files\Microchip\xc8\v2.32\pic\sources\c99\common\nf_fputs.c
		_fputs         		CODE           	21CC	0000	72

C:\Program Files\Microchip\xc8\v2.32\pic\sources\c99\common\nf_fputs.c estimated size: 72

C:\Program Files\Microchip\xc8\v2.32\pic\sources\c99\common\putch.c
		_putch         		CODE           	236A	0000	2

C:\Program Files\Microchip\xc8\v2.32\pic\sources\c99\common\putch.c estimated size: 2

C:\Program Files\Microchip\xc8\v2.32\pic\sources\c99\common\lodiv.c
		___lodiv       		CODE           	138C	0000	242

C:\Program Files\Microchip\xc8\v2.32\pic\sources\c99\common\lodiv.c estimated size: 242

shared
		i2_vfpfcnvrt   		CODE           	0A36	0000	524
		i2_pad         		CODE           	1A5C	0000	198
		i2_stoa        		CODE           	11F0	0000	412
		i2_cronometro  		CODE           	1F70	0000	96
		i2_putch       		CODE           	236C	0000	2
		i2_utoa        		CODE           	0E48	0000	516
		i2_vfprintf    		CODE           	1E4E	0000	98
		i2_Lcd_Write_Char		CODE           	22D4	0000	48
		i2_Lcd_Port    		CODE           	202C	0000	92
		i2_Lcd_Cmd     		CODE           	2320	0000	24
		__initialization		CODE           	2214	0000	56
		i2___lodiv     		CODE           	147E	0000	240
		i2_Lcd_Set_Cursor		CODE           	1D86	0000	102
		i2_sprintf     		CODE           	212C	0000	82
		i2___lomod     		CODE           	172C	0000	208
		i2_Lcd_Write_String		CODE           	1C34	0000	126
		i2_fputc       		CODE           	1992	0000	202
		i2_fputs       		CODE           	225A	0000	68
		i2_strlen      		CODE           	217E	0000	78

shared estimated size: 3172

C:\Program Files\Microchip\xc8\v2.32\pic\sources\c99\common\nf_fputc.c
		_fputc         		CODE           	17FC	0000	204

C:\Program Files\Microchip\xc8\v2.32\pic\sources\c99\common\nf_fputc.c estimated size: 204

main.c
		_main          		CODE           	1FD0	0000	92
		_setup_Interruptions		CODE           	235A	0000	8
		_disp_cronometro		CODE           	156E	0000	236
		_RS232         		CODE           	0008	0000	148
		_setup_RS232   		CODE           	2338	0000	20
		_cronometro    		CODE           	1EB0	0000	96

main.c estimated size: 600

C:\Program Files\Microchip\xc8\v2.32\pic\sources\c99\common\strlen.c
		_strlen        		CODE           	20DA	0000	82

C:\Program Files\Microchip\xc8\v2.32\pic\sources\c99\common\strlen.c estimated size: 82

