Microchip MPLAB XC8 Compiler V2.32

Linker command line:

-W-3 --edf=C:\Program Files\Microchip\xc8\v2.32\pic\dat\en_msgs.txt -cn \
  -h+dist/default/production\atividade_01.production.sym \
  --cmf=dist/default/production\atividade_01.production.cmf -z -Q18F4550 \
  -oC:\Users\joelv\AppData\Local\Temp\xcAsduk.4 --defsym=__MPLAB_BUILD=1 \
  -Mdist/default/production/atividade_01.production.map -E1 \
  -ver=XC8 Compiler --acfsm=1493 -ASTACK=0102h-07FFh -pstack=STACK \
  -ACODE=00h-07FFFh -ACONST=00h-07FFFh -ASMALLCONST=0800h-08FFhx120 \
  -AMEDIUMCONST=0800h-07FFFh -ACOMRAM=01h-05Fh -AABS1=00h-07FFh \
  -ABIGRAM=01h-07FFh -ARAM=060h-0FFh,0100h-01FFhx7 -ABANK0=060h-0FFh \
  -ABANK1=0100h-01FFh -ABANK2=0200h-02FFh -ABANK3=0300h-03FFh \
  -ABANK4=0400h-04FFh -ABANK5=0500h-05FFh -ABANK6=0600h-06FFh \
  -ABANK7=0700h-07FFh -ASFR=0F60h-0FFFh -ACONFIG=0300000h-030000Dh \
  -AIDLOC=0200000h-0200007h -AEEDATA=0F00000h-0F000FFh -peeprom_data=EEDATA \
  -preset_vec=00h,intcode=08h,intcodelo,powerup,init -pramtop=0800h \
  -psmallconst=SMALLCONST -pmediumconst=MEDIUMCONST -pconst=CONST \
  -AFARRAM=00h-00h \
  -prdata=COMRAM,nvrram=COMRAM,nvbit=COMRAM,rbss=COMRAM,rbit=COMRAM \
  -pfarbss=FARRAM,fardata=FARRAM,nvFARRAM=FARRAM \
  -pintsave_regs=BIGRAM,bigbss=BIGRAM,bigdata=BIGRAM -pbss=RAM \
  -pidata=CODE,irdata=CODE,ibigdata=CODE,ifardata=CODE -prparam=COMRAM \
  C:\Users\joelv\AppData\Local\Temp\xcAsduk.o \
  dist/default/production\atividade_01.production.o 

Object code version is 3.11

Machine type is 18F4550



                Name                               Link     Load   Length Selector   Space Scale
C:\Users\joelv\AppData\Local\Temp\xcAsduk.o
                idloc                            200000   200000        8        0       5
                config                           300000   300000        E        0       4
                init                                  E        E        4        4       0
                reset_vec                             0        0        4        0       0
dist/default/production\atividade_01.production.o
                intcode                               8        8        6        4       0
                idloc                            200000   200000        8        0       5
                config                           300000   300000        E        0       4
                temp                                 5E       5E        1        1       1
                smallconst                          800      800       A8      400       0
                text36                             1C64     1C64       18      454       0
                text35                             1BA4     1BA4       36      454       0
                text34                             1A64     1A64       4E      454       0
                text33                             1C00     1C00       26      454       0
                text32                             1B6C     1B6C       38      454       0
                text31                             1A12     1A12       52      454       0
                text30                              EFE      EFE      190      454       0
                text29                             1208     1208       F0      454       0
                text28                             12F8     12F8       D0      454       0
                text27                             1CCA     1CCA        2      454       0
                text26                             13C8     13C8       CA      454       0
                text25                             1AB2     1AB2       44      454       0
                text24                             1492     1492       C6      454       0
                text23                              B36      B36      202      454       0
                text22                              8A8      8A8      28E      454       0
                text21                             18A2     18A2       62      454       0
                text20                             19C0     19C0       52      454       0
                text19                             1964     1964       5C      454       0
                text18                             1C26     1C26       20      454       0
                text17                             1CB4     1CB4        E      454       0
                text16                             183C     183C       66      454       0
                text15                             1B34     1B34       38      454       0
                text14                             165E     165E       7E      454       0
                text13                             108E     108E      17A      454       0
                text12                             1C7C     1C7C       16      454       0
                text11                              D38      D38      1C6      454       0
                intcode_body                       15DC     15DC       82      454       0
                text9                              1904     1904       60      454       0
                text8                              1BDA     1BDA       26      454       0
                text7                              1CA6     1CA6        E      454       0
                text6                              1756     1756       78      454       0
                text5                              17CE     17CE       6E      454       0
                text4                              1AF6     1AF6       3E      454       0
                text3                              1558     1558       84      454       0
                text2                              1CC2     1CC2        8      454       0
                text1                              1C92     1C92       14      454       0
                text0                              16DC     16DC       7A      454       0
                cstackCOMRAM                          1        1       5D        1       1
                cstackBANK0                          CC       CC       1E       60       1
                cstackBANK1                         100      100        2      100       1
                bssBANK0                             60       60       6C       60       1
                bitbssBANK0                         750       EA        1       60       1     8
                cinit                              1C46     1C46       1E      454       0

TOTAL           Name                               Link     Load   Length     Space
        CLASS   STACK          

        CLASS   CODE           
                intcode                               8        8        6         0
                init                                  E        E        4         0
                reset_vec                             0        0        4         0
                text36                             1C64     1C64       18         0
                text35                             1BA4     1BA4       36         0
                text34                             1A64     1A64       4E         0
                text33                             1C00     1C00       26         0
                text32                             1B6C     1B6C       38         0
                text31                             1A12     1A12       52         0
                text30                              EFE      EFE      190         0
                text29                             1208     1208       F0         0
                text28                             12F8     12F8       D0         0
                text27                             1CCA     1CCA        2         0
                text26                             13C8     13C8       CA         0
                text25                             1AB2     1AB2       44         0
                text24                             1492     1492       C6         0
                text23                              B36      B36      202         0
                text22                              8A8      8A8      28E         0
                text21                             18A2     18A2       62         0
                text20                             19C0     19C0       52         0
                text19                             1964     1964       5C         0
                text18                             1C26     1C26       20         0
                text17                             1CB4     1CB4        E         0
                text16                             183C     183C       66         0
                text15                             1B34     1B34       38         0
                text14                             165E     165E       7E         0
                text13                             108E     108E      17A         0
                text12                             1C7C     1C7C       16         0
                text11                              D38      D38      1C6         0
                intcode_body                       15DC     15DC       82         0
                text9                              1904     1904       60         0
                text8                              1BDA     1BDA       26         0
                text7                              1CA6     1CA6        E         0
                text6                              1756     1756       78         0
                text5                              17CE     17CE       6E         0
                text4                              1AF6     1AF6       3E         0
                text3                              1558     1558       84         0
                text2                              1CC2     1CC2        8         0
                text1                              1C92     1C92       14         0
                text0                              16DC     16DC       7A         0
                cinit                              1C46     1C46       1E         0

        CLASS   CONST          

        CLASS   SMALLCONST     
                smallconst                          800      800       A8         0

        CLASS   MEDIUMCONST    

        CLASS   COMRAM         
                temp                                 5E       5E        1         1
                cstackCOMRAM                          1        1       5D         1

        CLASS   ABS1           

        CLASS   BIGRAM         

        CLASS   RAM            

        CLASS   BANK0          
                cstackBANK0                          CC       CC       1E         1
                bssBANK0                             60       60       6C         1
                bitbssBANK0                         750       EA        1         1

        CLASS   BANK1          
                cstackBANK1                         100      100        2         1

        CLASS   BANK2          

        CLASS   BANK3          

        CLASS   BANK4          

        CLASS   BANK5          

        CLASS   BANK6          

        CLASS   BANK7          

        CLASS   SFR            

        CLASS   CONFIG         
                config                           300000   300000        E         4

        CLASS   IDLOC          
                idloc                            200000   200000        8         5

        CLASS   EEDATA         

        CLASS   FARRAM         



SEGMENTS        Name                           Load    Length   Top    Selector   Space  Class

                reset_vec                      000000  000004  000004         0       0  CODE    
                cstackCOMRAM                   000001  00005E  00005F         1       1  COMRAM  
                intcode                        000008  00000A  000012         4       0  CODE    
                bssBANK0                       000060  00008B  0000EB        60       1  BANK0   
                cstackBANK1                    000100  000002  000102       100       1  BANK1   
                smallconst                     000800  0000A8  0008A8       400       0  SMALLCON
                text22                         0008A8  001424  001CCC       454       0  CODE    


UNUSED ADDRESS RANGES

        Name                Unused          Largest block    Delta
        BANK0            0000EB-0000FF               15
        BANK1            000102-0001FF               FE
        BANK2            000200-0002FF              100
        BANK3            000300-0003FF              100
        BANK4            000400-0004FF              100
        BANK5            000500-0005FF              100
        BANK6            000600-0006FF              100
        BANK7            000700-0007FF              100
        BIGRAM           00005F-00005F                1
                         0000EB-0000FF               15
                         000102-0007FF              6FE
        CODE             000004-000007                4
                         000012-0007FF              7EE
                         001CCC-007FFF             6334
        COMRAM           00005F-00005F                1
        CONST            000004-000007                4
                         000012-0007FF              7EE
                         001CCC-007FFF             6334
        EEDATA           F00000-F000FF              100
        MEDIUMCONST      001CCC-007FFF             6334
        RAM              0000EB-0000FF               15
                         000102-0007FF              100
        SFR              000F60-000FFF               A0
        SMALLCONST       001CCC-007FFF              100
        STACK            000102-0007FF              6FE

                                  Symbol Table

?___lodiv                     cstackCOMRAM 000001
?___lomod                     cstackCOMRAM 000001
?___wmul                      cstackCOMRAM 000001
?_atoi                        cstackCOMRAM 000008
?_isdigit                     cstackCOMRAM 000001
?_isspace                     cstackCOMRAM 000001
?_pad                         cstackCOMRAM 000011
?_sprintf                     cstackCOMRAM 000058
?_strlen                      cstackCOMRAM 000001
?_utoa                        cstackCOMRAM 00001C
?_vfpfcnvrt                   cstackCOMRAM 00003C
?_vfprintf                    cstackCOMRAM 000050
Lcd_Cmd@a                     cstackBANK0  0000E2
Lcd_Port@a                    cstackBANK0  0000E0
Lcd_Set_Cursor@a              cstackBANK0  0000E4
Lcd_Set_Cursor@b              cstackBANK0  0000E3
Lcd_Set_Cursor@temp           cstackBANK0  0000E7
Lcd_Set_Cursor@y              cstackBANK0  0000E6
Lcd_Set_Cursor@z              cstackBANK0  0000E5
Lcd_Write_Char@a              cstackBANK0  0000E3
Lcd_Write_Char@temp           cstackBANK0  0000E1
Lcd_Write_Char@y              cstackBANK0  0000E2
Lcd_Write_String@a            cstackBANK0  0000E4
Lcd_Write_String@i            cstackBANK0  0000E8
_BAUDCON                      (abs)        000FB8
_BRGH                         (abs)        007D62
_CREN                         (abs)        007D5C
_GIE                          (abs)        007F97
_LATD4                        (abs)        007C64
_LATD5                        (abs)        007C65
_LATD6                        (abs)        007C66
_LATD7                        (abs)        007C67
_LATE0                        (abs)        007C68
_LATE1                        (abs)        007C69
_Lcd_Clear                    text7        001CA6
_Lcd_Cmd                      text8        001BDA
_Lcd_Init                     text6        001756
_Lcd_Port                     text9        001904
_Lcd_Set_Cursor               text5        0017CE
_Lcd_Write_Char               text4        001AF6
_Lcd_Write_String             text3        001558
_OSCCON                       (abs)        000FD3
_PEIE                         (abs)        007F96
_RCIE                         (abs)        007CED
_RCIF                         (abs)        007CF5
_RCREG                        (abs)        000FAE
_RS232                        intcode      000008
_SPBRG                        (abs)        000FAF
_SPEN                         (abs)        007D5F
_SYNC                         (abs)        007D64
_TRISCbits                    (abs)        000F94
_TRISD                        (abs)        000F95
_TRISE                        (abs)        000F96
_TXEN                         (abs)        007D65
_TXIF                         (abs)        007CF4
_TXREG                        (abs)        000FAD
__HRAM                        (abs)        000000
__Habs1                       abs1         000000
__Hbank0                      bank0        000000
__Hbank1                      bank1        000000
__Hbank2                      bank2        000000
__Hbank3                      bank3        000000
__Hbank4                      bank4        000000
__Hbank5                      bank5        000000
__Hbank6                      bank6        000000
__Hbank7                      bank7        000000
__Hbigbss                     bigbss       000000
__Hbigdata                    bigdata      000000
__Hbigram                     bigram       000000
__HbitbssBANK0                bitbssBANK0  000000
__Hbss                        bss          000000
__HbssBANK0                   bssBANK0     000000
__Hcinit                      cinit        000000
__Hclrtext                    clrtext      000000
__Hcomram                     comram       000000
__Hconfig                     config       30000E
__Hconst                      const        000000
__HcstackBANK0                cstackBANK0  000000
__HcstackBANK1                cstackBANK1  000000
__HcstackCOMRAM               cstackCOMRAM 000000
__Hdata                       data         000000
__Heeprom_data                eeprom_data  000000
__Hfarbss                     farbss       000000
__Hfardata                    fardata      000000
__Hibigdata                   ibigdata     000000
__Hidata                      idata        000000
__Hidloc                      idloc        200008
__Hifardata                   ifardata     000000
__Hinit                       init         000012
__Hintcode                    intcode      00000E
__Hintcode_body               intcode_body 000000
__Hintcodelo                  intcodelo    00000E
__Hintentry                   intentry     000000
__Hintret                     intret       000000
__Hintsave_regs               intsave_regs 000000
__Hirdata                     irdata       000000
__Hmediumconst                mediumconst  000000
__HnvFARRAM                   nvFARRAM     000000
__Hnvbit                      nvbit        000000
__Hnvrram                     nvrram       000000
__Hparam                      rparam       000000
__Hpowerup                    powerup      00000E
__Hram                        ram          000000
__Hramtop                     ramtop       000800
__Hrbit                       rbit         000000
__Hrbss                       rbss         000000
__Hrdata                      rdata        000000
__Hreset_vec                  reset_vec    000004
__Hrparam                     rparam       000000
__Hsfr                        sfr          000000
__Hsmallconst                 smallconst   0008A8
__Hspace_0                    (abs)        001CCC
__Hspace_1                    (abs)        000751
__Hspace_2                    (abs)        000000
__Hspace_4                    (abs)        60000E
__Hstack                      stack        000000
__Hstruct                     struct       000000
__Htemp                       temp         00005F
__Htext                       text         000000
__Htext0                      text0        000000
__Htext1                      text1        000000
__Htext11                     text11       000000
__Htext12                     text12       000000
__Htext13                     text13       000000
__Htext14                     text14       000000
__Htext15                     text15       000000
__Htext16                     text16       000000
__Htext17                     text17       000000
__Htext18                     text18       000000
__Htext19                     text19       000000
__Htext2                      text2        000000
__Htext20                     text20       000000
__Htext21                     text21       000000
__Htext22                     text22       000000
__Htext23                     text23       000000
__Htext24                     text24       000000
__Htext25                     text25       000000
__Htext26                     text26       000000
__Htext27                     text27       000000
__Htext28                     text28       000000
__Htext29                     text29       000000
__Htext3                      text3        000000
__Htext30                     text30       000000
__Htext31                     text31       000000
__Htext32                     text32       000000
__Htext33                     text33       000000
__Htext34                     text34       000000
__Htext35                     text35       000000
__Htext36                     text36       000000
__Htext4                      text4        000000
__Htext5                      text5        000000
__Htext6                      text6        000000
__Htext7                      text7        000000
__Htext8                      text8        000000
__Htext9                      text9        000000
__LRAM                        (abs)        000001
__Labs1                       abs1         000000
__Lbank0                      bank0        000000
__Lbank1                      bank1        000000
__Lbank2                      bank2        000000
__Lbank3                      bank3        000000
__Lbank4                      bank4        000000
__Lbank5                      bank5        000000
__Lbank6                      bank6        000000
__Lbank7                      bank7        000000
__Lbigbss                     bigbss       000000
__Lbigdata                    bigdata      000000
__Lbigram                     bigram       000000
__LbitbssBANK0                bitbssBANK0  000000
__Lbss                        bss          000000
__LbssBANK0                   bssBANK0     000000
__Lcinit                      cinit        000000
__Lclrtext                    clrtext      000000
__Lcomram                     comram       000000
__Lconfig                     config       000000
__Lconst                      const        000000
__LcstackBANK0                cstackBANK0  000000
__LcstackBANK1                cstackBANK1  000000
__LcstackCOMRAM               cstackCOMRAM 000000
__Ldata                       data         000000
__Leeprom_data                eeprom_data  000000
__Lfarbss                     farbss       000000
__Lfardata                    fardata      000000
__Libigdata                   ibigdata     000000
__Lidata                      idata        000000
__Lidloc                      idloc        000000
__Lifardata                   ifardata     000000
__Linit                       init         00000E
__Lintcode                    intcode      000008
__Lintcode_body               intcode_body 000000
__Lintcodelo                  intcodelo    00000E
__Lintentry                   intentry     000000
__Lintret                     intret       000000
__Lintsave_regs               intsave_regs 000000
__Lirdata                     irdata       000000
__Lmediumconst                mediumconst  000000
__LnvFARRAM                   nvFARRAM     000000
__Lnvbit                      nvbit        000000
__Lnvrram                     nvrram       000000
__Lparam                      rparam       000000
__Lpowerup                    powerup      00000E
__Lram                        ram          000000
__Lramtop                     ramtop       000800
__Lrbit                       rbit         000000
__Lrbss                       rbss         000000
__Lrdata                      rdata        000000
__Lreset_vec                  reset_vec    000000
__Lrparam                     rparam       000000
__Lsfr                        sfr          000000
__Lsmallconst                 smallconst   000800
__Lspace_0                    (abs)        000000
__Lspace_1                    (abs)        000000
__Lspace_2                    (abs)        000000
__Lspace_4                    (abs)        000000
__Lstack                      stack        000000
__Lstruct                     struct       000000
__Ltemp                       temp         00005E
__Ltext                       text         000000
__Ltext0                      text0        000000
__Ltext1                      text1        000000
__Ltext11                     text11       000000
__Ltext12                     text12       000000
__Ltext13                     text13       000000
__Ltext14                     text14       000000
__Ltext15                     text15       000000
__Ltext16                     text16       000000
__Ltext17                     text17       000000
__Ltext18                     text18       000000
__Ltext19                     text19       000000
__Ltext2                      text2        000000
__Ltext20                     text20       000000
__Ltext21                     text21       000000
__Ltext22                     text22       000000
__Ltext23                     text23       000000
__Ltext24                     text24       000000
__Ltext25                     text25       000000
__Ltext26                     text26       000000
__Ltext27                     text27       000000
__Ltext28                     text28       000000
__Ltext29                     text29       000000
__Ltext3                      text3        000000
__Ltext30                     text30       000000
__Ltext31                     text31       000000
__Ltext32                     text32       000000
__Ltext33                     text33       000000
__Ltext34                     text34       000000
__Ltext35                     text35       000000
__Ltext36                     text36       000000
__Ltext4                      text4        000000
__Ltext5                      text5        000000
__Ltext6                      text6        000000
__Ltext7                      text7        000000
__Ltext8                      text8        000000
__Ltext9                      text9        000000
__S0                          (abs)        001CCC
__S1                          (abs)        000102
__S2                          (abs)        000000
__S4                          (abs)        000000
__S5                          (abs)        000000
___inthi_sp                   stack        000000
___intlo_sp                   stack        000000
___lodiv                      text29       001208
___lodiv@counter              cstackCOMRAM 000019
___lodiv@dividend             cstackCOMRAM 000001
___lodiv@divisor              cstackCOMRAM 000009
___lodiv@quotient             cstackCOMRAM 000011
___lomod                      text28       0012F8
___lomod@counter              cstackCOMRAM 000011
___lomod@dividend             cstackCOMRAM 000001
___lomod@divisor              cstackCOMRAM 000009
___param_bank                 (abs)        000000
___rparam_used                (abs)        000001
___sp                         stack        000000
___wmul                       text33       001C00
___wmul@multiplicand          cstackCOMRAM 000003
___wmul@multiplier            cstackCOMRAM 000001
___wmul@product               cstackCOMRAM 000005
__accesstop                   (abs)        000060
__activetblptr                (abs)        000002
__end_of_Lcd_Clear            text7        001CB4
__end_of_Lcd_Cmd              text8        001C00
__end_of_Lcd_Init             text6        0017CE
__end_of_Lcd_Port             text9        001964
__end_of_Lcd_Set_Cursor       text5        00183C
__end_of_Lcd_Write_Char       text4        001B34
__end_of_Lcd_Write_String     text3        0015DC
__end_of_RS232                intcode_body 00165E
__end_of___lodiv              text29       0012F8
__end_of___lomod              text28       0013C8
__end_of___wmul               text33       001C26
__end_of__initialization      cinit        001C56
__end_of_atoi                 text30       00108E
__end_of_fputc                text26       001492
__end_of_fputs                text25       001AF6
__end_of_get_x                text13       001208
__end_of_get_y_and_sum        text11       000EFE
__end_of_isdigit              text32       001BA4
__end_of_isspace              text31       001A64
__end_of_main                 text0        001756
__end_of_pad                  text24       001558
__end_of_putch                text27       001CCC
__end_of_reset_values         text12       001C92
__end_of_serial_send          text36       001C7C
__end_of_serial_sendString    text34       001AB2
__end_of_setup_Interruptions  text2        001CCA
__end_of_setup_RS232          text1        001CA6
__end_of_sprintf              text20       001A12
__end_of_strlen               text35       001BDA
__end_of_utoa                 text23       000D38
__end_of_vfpfcnvrt            text22       000B36
__end_of_vfprintf             text21       001904
__end_ofi2_Lcd_Clear          text17       001CC2
__end_ofi2_Lcd_Cmd            text18       001C46
__end_ofi2_Lcd_Port           text19       0019C0
__end_ofi2_Lcd_Set_Cursor     text16       0018A2
__end_ofi2_Lcd_Write_Char     text15       001B6C
__end_ofi2_Lcd_Write_String   text14       0016DC
__initialization              cinit        001C46
__mediumconst                 mediumconst  000000
__pbitbssBANK0                bitbssBANK0  000750
__pbssBANK0                   bssBANK0     000060
__pcinit                      cinit        001C46
__pcstackBANK0                cstackBANK0  0000CC
__pcstackBANK1                cstackBANK1  000100
__pcstackCOMRAM               cstackCOMRAM 000001
__pintcode                    intcode      000008
__pintcode_body               intcode_body 0015DC
__psmallconst                 smallconst   000800
__ptext0                      text0        0016DC
__ptext1                      text1        001C92
__ptext11                     text11       000D38
__ptext12                     text12       001C7C
__ptext13                     text13       00108E
__ptext14                     text14       00165E
__ptext15                     text15       001B34
__ptext16                     text16       00183C
__ptext17                     text17       001CB4
__ptext18                     text18       001C26
__ptext19                     text19       001964
__ptext2                      text2        001CC2
__ptext20                     text20       0019C0
__ptext21                     text21       0018A2
__ptext22                     text22       0008A8
__ptext23                     text23       000B36
__ptext24                     text24       001492
__ptext25                     text25       001AB2
__ptext26                     text26       0013C8
__ptext27                     text27       001CCA
__ptext28                     text28       0012F8
__ptext29                     text29       001208
__ptext3                      text3        001558
__ptext30                     text30       000EFE
__ptext31                     text31       001A12
__ptext32                     text32       001B6C
__ptext33                     text33       001C00
__ptext34                     text34       001A64
__ptext35                     text35       001BA4
__ptext36                     text36       001C64
__ptext4                      text4        001AF6
__ptext5                      text5        0017CE
__ptext6                      text6        001756
__ptext7                      text7        001CA6
__ptext8                      text8        001BDA
__ptext9                      text9        001904
__ramtop                      ramtop       000800
__size_of_Lcd_Clear           (abs)        000000
__size_of_Lcd_Cmd             (abs)        000000
__size_of_Lcd_Init            (abs)        000000
__size_of_Lcd_Port            (abs)        000000
__size_of_Lcd_Set_Cursor      (abs)        000000
__size_of_Lcd_Write_Char      (abs)        000000
__size_of_Lcd_Write_String    (abs)        000000
__size_of_RS232               (abs)        000000
__size_of___lodiv             (abs)        000000
__size_of___lomod             (abs)        000000
__size_of___wmul              (abs)        000000
__size_of_atoi                (abs)        000000
__size_of_fputc               (abs)        000000
__size_of_fputs               (abs)        000000
__size_of_get_x               (abs)        000000
__size_of_get_y_and_sum       (abs)        000000
__size_of_isdigit             (abs)        000000
__size_of_isspace             (abs)        000000
__size_of_main                (abs)        000000
__size_of_pad                 (abs)        000000
__size_of_putch               (abs)        000000
__size_of_reset_values        (abs)        000000
__size_of_serial_send         (abs)        000000
__size_of_serial_sendString   (abs)        000000
__size_of_setup_Interruptions (abs)        000000
__size_of_setup_RS232         (abs)        000000
__size_of_sprintf             (abs)        000000
__size_of_strlen              (abs)        000000
__size_of_utoa                (abs)        000000
__size_of_vfpfcnvrt           (abs)        000000
__size_of_vfprintf            (abs)        000000
__size_ofi2_Lcd_Clear         (abs)        000000
__size_ofi2_Lcd_Cmd           (abs)        000000
__size_ofi2_Lcd_Port          (abs)        000000
__size_ofi2_Lcd_Set_Cursor    (abs)        000000
__size_ofi2_Lcd_Write_Char    (abs)        000000
__size_ofi2_Lcd_Write_String  (abs)        000000
__smallconst                  smallconst   000800
_atoi                         text30       000EFE
_atoi$720                     cstackCOMRAM 000010
_atoi$721                     cstackCOMRAM 000014
_atoi$722                     cstackCOMRAM 000012
_dbuf                         bssBANK0     00006E
_digito                       bssBANK0     000068
_flags                        bssBANK0     000066
_fputc                        text26       0013C8
_fputs                        text25       001AB2
_get_x                        text13       00108E
_get_y_and_sum                text11       000D38
_hasX                         bitbssBANK0  000750
_isdigit                      text32       001B6C
_isspace                      text31       001A12
_isspace$738                  cstackCOMRAM 000007
_linha1                       bssBANK0     0000BC
_linha2                       bssBANK0     0000AC
_main                         text0        0016DC
_nout                         bssBANK0     000060
_pad                          text24       001492
_prec                         bssBANK0     000064
_putch                        text27       001CCA
_reset_values                 text12       001C7C
_serial_send                  text36       001C64
_serial_sendString            text34       001A64
_setup_Interruptions          text2        001CC2
_setup_RS232                  text1        001C92
_sprintf                      text20       0019C0
_strlen                       text35       001BA4
_tx_string                    bssBANK0     00008E
_utoa                         text23       000B36
_vfpfcnvrt                    text22       0008A8
_vfpfcnvrt$702                cstackCOMRAM 00004E
_vfprintf                     text21       0018A2
_width                        bssBANK0     000062
_x                            bssBANK0     00006C
_y                            bssBANK0     00006A
atoi@n                        cstackCOMRAM 000015
atoi@neg                      cstackCOMRAM 00000E
atoi@s                        cstackCOMRAM 000008
btemp                         temp         00005E
end_of_initialization         cinit        001C56
fputc@c                       cstackCOMRAM 000001
fputc@fp                      cstackCOMRAM 000003
fputs@c                       cstackCOMRAM 00000E
fputs@fp                      cstackCOMRAM 00000C
fputs@i                       cstackCOMRAM 00000F
fputs@s                       cstackCOMRAM 00000A
i2Lcd_Cmd@a                   cstackCOMRAM 000003
i2Lcd_Port@a                  cstackCOMRAM 000001
i2Lcd_Set_Cursor@a            cstackCOMRAM 000005
i2Lcd_Set_Cursor@b            cstackCOMRAM 000004
i2Lcd_Set_Cursor@temp         cstackCOMRAM 000008
i2Lcd_Set_Cursor@y            cstackCOMRAM 000007
i2Lcd_Set_Cursor@z            cstackCOMRAM 000006
i2Lcd_Write_Char@a            cstackCOMRAM 000004
i2Lcd_Write_Char@temp         cstackCOMRAM 000002
i2Lcd_Write_Char@y            cstackCOMRAM 000003
i2Lcd_Write_String@a          cstackCOMRAM 000005
i2Lcd_Write_String@i          cstackCOMRAM 000009
i2_Lcd_Clear                  text17       001CB4
i2_Lcd_Cmd                    text18       001C26
i2_Lcd_Port                   text19       001964
i2_Lcd_Set_Cursor             text16       00183C
i2_Lcd_Write_Char             text15       001B34
i2_Lcd_Write_String           text14       00165E
int$flags                     temp         00005E
int_func                      intcode_body 0015DC
intlevel0                     text         000000
intlevel1                     text         000000
intlevel2                     text         000000
intlevel3                     text         000000
isa$std                       (abs)        000001
isa$xinst                     (abs)        000000
isdigit@c                     cstackCOMRAM 000001
isspace@c                     cstackCOMRAM 000001
pad@buf                       cstackCOMRAM 000013
pad@fp                        cstackCOMRAM 000011
pad@i                         cstackCOMRAM 000018
pad@p                         cstackCOMRAM 000015
pad@w                         cstackCOMRAM 00001A
serial_send@character         cstackCOMRAM 000001
serial_sendString@index       cstackCOMRAM 000009
serial_sendString@phrase      cstackCOMRAM 000005
serial_sendString@size        cstackCOMRAM 000007
sprintf@ap                    cstackBANK0  0000CC
sprintf@f                     cstackBANK0  0000CE
sprintf@fmt                   cstackCOMRAM 00005A
sprintf@s                     cstackCOMRAM 000058
stackhi                       (abs)        0007FF
stacklo                       (abs)        000102
start                         init         00000E
start_initialization          cinit        001C46
strlen@a                      cstackCOMRAM 000003
strlen@s                      cstackCOMRAM 000001
ttemp5                        temp         00005F
ttemp6                        temp         000062
ttemp7                        temp         000066
utoa@d                        cstackCOMRAM 00001E
utoa@fp                       cstackCOMRAM 00001C
utoa@i                        cstackCOMRAM 00003A
utoa@n                        cstackCOMRAM 000032
utoa@p                        cstackCOMRAM 00002E
utoa@w                        cstackCOMRAM 000030
vfpfcnvrt@ap                  cstackCOMRAM 000040
vfpfcnvrt@fmt                 cstackCOMRAM 00003E
vfpfcnvrt@fp                  cstackCOMRAM 00003C
vfpfcnvrt@llu                 cstackCOMRAM 000046
vfprintf@ap                   cstackCOMRAM 000054
vfprintf@cfmt                 cstackCOMRAM 000056
vfprintf@fmt                  cstackCOMRAM 000052
vfprintf@fp                   cstackCOMRAM 000050
wtemp8                        temp         00005F


MODULE INFORMATION

Module		Function		Class		Link	Load	Size
C:\Program Files\Microchip\xc8\v2.32\pic\sources\c99\common\nf_sprintf.c
		_sprintf       		CODE           	19C0	0000	82

C:\Program Files\Microchip\xc8\v2.32\pic\sources\c99\common\nf_sprintf.c estimated size: 82

C:\Program Files\Microchip\xc8\v2.32\pic\sources\c99\common\isdigit.c
		_isdigit       		CODE           	1B6C	0000	56

C:\Program Files\Microchip\xc8\v2.32\pic\sources\c99\common\isdigit.c estimated size: 56

C:\Program Files\Microchip\xc8\v2.32\pic\sources\c99\common\doprnt.c
		_vfpfcnvrt     		CODE           	08A8	0000	654
		_pad           		CODE           	1492	0000	198
		_vfprintf      		CODE           	18A2	0000	98
		_utoa          		CODE           	0B36	0000	514

C:\Program Files\Microchip\xc8\v2.32\pic\sources\c99\common\doprnt.c estimated size: 1464

C:\Program Files\Microchip\xc8\v2.32\pic\sources\c99\common\lomod.c
		___lomod       		CODE           	12F8	0000	208

C:\Program Files\Microchip\xc8\v2.32\pic\sources\c99\common\lomod.c estimated size: 208

./lcd.h
		_Lcd_Write_String		CODE           	1558	0000	132
		_Lcd_Init      		CODE           	1756	0000	120
		_Lcd_Write_Char		CODE           	1AF6	0000	62
		_Lcd_Cmd       		CODE           	1BDA	0000	38
		_Lcd_Set_Cursor		CODE           	17CE	0000	110
		_Lcd_Clear     		CODE           	1CA6	0000	14
		_Lcd_Port      		CODE           	1904	0000	96

./lcd.h estimated size: 572

C:\Program Files\Microchip\xc8\v2.32\pic\sources\c99\common\atoi.c
		_atoi          		CODE           	0EFE	0000	400

C:\Program Files\Microchip\xc8\v2.32\pic\sources\c99\common\atoi.c estimated size: 400

C:\Program Files\Microchip\xc8\v2.32\pic\sources\c99\common\nf_fputs.c
		_fputs         		CODE           	1AB2	0000	68

C:\Program Files\Microchip\xc8\v2.32\pic\sources\c99\common\nf_fputs.c estimated size: 68

C:\Program Files\Microchip\xc8\v2.32\pic\sources\c99\common\putch.c
		_putch         		CODE           	1CCA	0000	2

C:\Program Files\Microchip\xc8\v2.32\pic\sources\c99\common\putch.c estimated size: 2

C:\Program Files\Microchip\xc8\v2.32\pic\sources\c99\common\Umul16.c
		___wmul        		CODE           	1C00	0000	38

C:\Program Files\Microchip\xc8\v2.32\pic\sources\c99\common\Umul16.c estimated size: 38

C:\Program Files\Microchip\xc8\v2.32\pic\sources\c99\common\isspace.c
		_isspace       		CODE           	1A12	0000	82

C:\Program Files\Microchip\xc8\v2.32\pic\sources\c99\common\isspace.c estimated size: 82

C:\Program Files\Microchip\xc8\v2.32\pic\sources\c99\common\lodiv.c
		___lodiv       		CODE           	1208	0000	240

C:\Program Files\Microchip\xc8\v2.32\pic\sources\c99\common\lodiv.c estimated size: 240

shared
		i2_Lcd_Write_Char		CODE           	1B34	0000	56
		i2_Lcd_Port    		CODE           	1964	0000	92
		i2_Lcd_Cmd     		CODE           	1C26	0000	32
		i2_Lcd_Clear   		CODE           	1CB4	0000	14
		__initialization		CODE           	1C46	0000	16
		i2_Lcd_Set_Cursor		CODE           	183C	0000	102
		i2_Lcd_Write_String		CODE           	165E	0000	126

shared estimated size: 438

C:\Program Files\Microchip\xc8\v2.32\pic\sources\c99\common\nf_fputc.c
		_fputc         		CODE           	13C8	0000	202

C:\Program Files\Microchip\xc8\v2.32\pic\sources\c99\common\nf_fputc.c estimated size: 202

main.c
		_get_x         		CODE           	108E	0000	378
		_main          		CODE           	16DC	0000	122
		_setup_Interruptions		CODE           	1CC2	0000	8
		_serial_send   		CODE           	1C64	0000	24
		_RS232         		CODE           	0008	0000	136
		_serial_sendString		CODE           	1A64	0000	78
		_get_y_and_sum 		CODE           	0D38	0000	454
		_setup_RS232   		CODE           	1C92	0000	20
		_reset_values  		CODE           	1C7C	0000	22

main.c estimated size: 1242

C:\Program Files\Microchip\xc8\v2.32\pic\sources\c99\common\strlen.c
		_strlen        		CODE           	1BA4	0000	54

C:\Program Files\Microchip\xc8\v2.32\pic\sources\c99\common\strlen.c estimated size: 54

